Archive member included to satisfy reference by file (symbol)

c:/st/stm32cubeide_1.12.1/stm32cubeide/plugins/com.st.stm32cube.ide.mcu.externaltools.gnu-tools-for-stm32.10.3-2021.10.win32_1.0.200.202301161003/tools/bin/../lib/gcc/arm-none-eabi/10.3.1/../../../../arm-none-eabi/lib/thumb/v7e-m+fp/hard\libc_nano.a(lib_a-errno.o)
                              ./Src/syscalls.o (__errno)
c:/st/stm32cubeide_1.12.1/stm32cubeide/plugins/com.st.stm32cube.ide.mcu.externaltools.gnu-tools-for-stm32.10.3-2021.10.win32_1.0.200.202301161003/tools/bin/../lib/gcc/arm-none-eabi/10.3.1/../../../../arm-none-eabi/lib/thumb/v7e-m+fp/hard\libc_nano.a(lib_a-exit.o)
                              c:/st/stm32cubeide_1.12.1/stm32cubeide/plugins/com.st.stm32cube.ide.mcu.externaltools.gnu-tools-for-stm32.10.3-2021.10.win32_1.0.200.202301161003/tools/bin/../lib/gcc/arm-none-eabi/10.3.1/../../../../arm-none-eabi/lib/thumb/v7e-m+fp/hard/crt0.o (exit)
c:/st/stm32cubeide_1.12.1/stm32cubeide/plugins/com.st.stm32cube.ide.mcu.externaltools.gnu-tools-for-stm32.10.3-2021.10.win32_1.0.200.202301161003/tools/bin/../lib/gcc/arm-none-eabi/10.3.1/../../../../arm-none-eabi/lib/thumb/v7e-m+fp/hard\libc_nano.a(lib_a-impure.o)
                              c:/st/stm32cubeide_1.12.1/stm32cubeide/plugins/com.st.stm32cube.ide.mcu.externaltools.gnu-tools-for-stm32.10.3-2021.10.win32_1.0.200.202301161003/tools/bin/../lib/gcc/arm-none-eabi/10.3.1/../../../../arm-none-eabi/lib/thumb/v7e-m+fp/hard\libc_nano.a(lib_a-exit.o) (_global_impure_ptr)
c:/st/stm32cubeide_1.12.1/stm32cubeide/plugins/com.st.stm32cube.ide.mcu.externaltools.gnu-tools-for-stm32.10.3-2021.10.win32_1.0.200.202301161003/tools/bin/../lib/gcc/arm-none-eabi/10.3.1/../../../../arm-none-eabi/lib/thumb/v7e-m+fp/hard\libc_nano.a(lib_a-init.o)
                              c:/st/stm32cubeide_1.12.1/stm32cubeide/plugins/com.st.stm32cube.ide.mcu.externaltools.gnu-tools-for-stm32.10.3-2021.10.win32_1.0.200.202301161003/tools/bin/../lib/gcc/arm-none-eabi/10.3.1/../../../../arm-none-eabi/lib/thumb/v7e-m+fp/hard/crt0.o (__libc_init_array)
c:/st/stm32cubeide_1.12.1/stm32cubeide/plugins/com.st.stm32cube.ide.mcu.externaltools.gnu-tools-for-stm32.10.3-2021.10.win32_1.0.200.202301161003/tools/bin/../lib/gcc/arm-none-eabi/10.3.1/../../../../arm-none-eabi/lib/thumb/v7e-m+fp/hard\libc_nano.a(lib_a-memset.o)
                              c:/st/stm32cubeide_1.12.1/stm32cubeide/plugins/com.st.stm32cube.ide.mcu.externaltools.gnu-tools-for-stm32.10.3-2021.10.win32_1.0.200.202301161003/tools/bin/../lib/gcc/arm-none-eabi/10.3.1/../../../../arm-none-eabi/lib/thumb/v7e-m+fp/hard/crt0.o (memset)

Discarded input sections

 .text          0x0000000000000000        0x0 c:/st/stm32cubeide_1.12.1/stm32cubeide/plugins/com.st.stm32cube.ide.mcu.externaltools.gnu-tools-for-stm32.10.3-2021.10.win32_1.0.200.202301161003/tools/bin/../lib/gcc/arm-none-eabi/10.3.1/thumb/v7e-m+fp/hard/crti.o
 .data          0x0000000000000000        0x0 c:/st/stm32cubeide_1.12.1/stm32cubeide/plugins/com.st.stm32cube.ide.mcu.externaltools.gnu-tools-for-stm32.10.3-2021.10.win32_1.0.200.202301161003/tools/bin/../lib/gcc/arm-none-eabi/10.3.1/thumb/v7e-m+fp/hard/crti.o
 .bss           0x0000000000000000        0x0 c:/st/stm32cubeide_1.12.1/stm32cubeide/plugins/com.st.stm32cube.ide.mcu.externaltools.gnu-tools-for-stm32.10.3-2021.10.win32_1.0.200.202301161003/tools/bin/../lib/gcc/arm-none-eabi/10.3.1/thumb/v7e-m+fp/hard/crti.o
 .data          0x0000000000000000        0x4 c:/st/stm32cubeide_1.12.1/stm32cubeide/plugins/com.st.stm32cube.ide.mcu.externaltools.gnu-tools-for-stm32.10.3-2021.10.win32_1.0.200.202301161003/tools/bin/../lib/gcc/arm-none-eabi/10.3.1/thumb/v7e-m+fp/hard/crtbegin.o
 .rodata        0x0000000000000000       0x24 c:/st/stm32cubeide_1.12.1/stm32cubeide/plugins/com.st.stm32cube.ide.mcu.externaltools.gnu-tools-for-stm32.10.3-2021.10.win32_1.0.200.202301161003/tools/bin/../lib/gcc/arm-none-eabi/10.3.1/thumb/v7e-m+fp/hard/crtbegin.o
 .text          0x0000000000000000       0x7c c:/st/stm32cubeide_1.12.1/stm32cubeide/plugins/com.st.stm32cube.ide.mcu.externaltools.gnu-tools-for-stm32.10.3-2021.10.win32_1.0.200.202301161003/tools/bin/../lib/gcc/arm-none-eabi/10.3.1/../../../../arm-none-eabi/lib/thumb/v7e-m+fp/hard/crt0.o
 .data          0x0000000000000000        0x0 c:/st/stm32cubeide_1.12.1/stm32cubeide/plugins/com.st.stm32cube.ide.mcu.externaltools.gnu-tools-for-stm32.10.3-2021.10.win32_1.0.200.202301161003/tools/bin/../lib/gcc/arm-none-eabi/10.3.1/../../../../arm-none-eabi/lib/thumb/v7e-m+fp/hard/crt0.o
 .bss           0x0000000000000000        0x0 c:/st/stm32cubeide_1.12.1/stm32cubeide/plugins/com.st.stm32cube.ide.mcu.externaltools.gnu-tools-for-stm32.10.3-2021.10.win32_1.0.200.202301161003/tools/bin/../lib/gcc/arm-none-eabi/10.3.1/../../../../arm-none-eabi/lib/thumb/v7e-m+fp/hard/crt0.o
 .ARM.extab     0x0000000000000000        0x0 c:/st/stm32cubeide_1.12.1/stm32cubeide/plugins/com.st.stm32cube.ide.mcu.externaltools.gnu-tools-for-stm32.10.3-2021.10.win32_1.0.200.202301161003/tools/bin/../lib/gcc/arm-none-eabi/10.3.1/../../../../arm-none-eabi/lib/thumb/v7e-m+fp/hard/crt0.o
 .ARM.exidx     0x0000000000000000       0x10 c:/st/stm32cubeide_1.12.1/stm32cubeide/plugins/com.st.stm32cube.ide.mcu.externaltools.gnu-tools-for-stm32.10.3-2021.10.win32_1.0.200.202301161003/tools/bin/../lib/gcc/arm-none-eabi/10.3.1/../../../../arm-none-eabi/lib/thumb/v7e-m+fp/hard/crt0.o
 .ARM.attributes
                0x0000000000000000       0x1c c:/st/stm32cubeide_1.12.1/stm32cubeide/plugins/com.st.stm32cube.ide.mcu.externaltools.gnu-tools-for-stm32.10.3-2021.10.win32_1.0.200.202301161003/tools/bin/../lib/gcc/arm-none-eabi/10.3.1/../../../../arm-none-eabi/lib/thumb/v7e-m+fp/hard/crt0.o
 .group         0x0000000000000000        0xc ./Src/Encoder.o
 .group         0x0000000000000000        0xc ./Src/Encoder.o
 .group         0x0000000000000000        0xc ./Src/Encoder.o
 .group         0x0000000000000000        0xc ./Src/Encoder.o
 .group         0x0000000000000000        0xc ./Src/Encoder.o
 .group         0x0000000000000000        0xc ./Src/Encoder.o
 .group         0x0000000000000000        0xc ./Src/Encoder.o
 .group         0x0000000000000000        0xc ./Src/Encoder.o
 .group         0x0000000000000000        0xc ./Src/Encoder.o
 .group         0x0000000000000000        0xc ./Src/Encoder.o
 .group         0x0000000000000000        0xc ./Src/Encoder.o
 .group         0x0000000000000000        0xc ./Src/Encoder.o
 .group         0x0000000000000000        0xc ./Src/Encoder.o
 .group         0x0000000000000000        0xc ./Src/Encoder.o
 .text          0x0000000000000000        0x0 ./Src/Encoder.o
 .data          0x0000000000000000        0x0 ./Src/Encoder.o
 .bss           0x0000000000000000        0x0 ./Src/Encoder.o
 .text.__NVIC_EnableIRQ
                0x0000000000000000       0x3c ./Src/Encoder.o
 .text.__NVIC_SetPriority
                0x0000000000000000       0x54 ./Src/Encoder.o
 .text.Read_Encoder_Init
                0x0000000000000000       0xc0 ./Src/Encoder.o
 .debug_info    0x0000000000000000      0x99d ./Src/Encoder.o
 .debug_abbrev  0x0000000000000000      0x156 ./Src/Encoder.o
 .debug_aranges
                0x0000000000000000       0x30 ./Src/Encoder.o
 .debug_ranges  0x0000000000000000       0x20 ./Src/Encoder.o
 .debug_macro   0x0000000000000000       0xc5 ./Src/Encoder.o
 .debug_macro   0x0000000000000000      0xa84 ./Src/Encoder.o
 .debug_macro   0x0000000000000000       0x2f ./Src/Encoder.o
 .debug_macro   0x0000000000000000       0x22 ./Src/Encoder.o
 .debug_macro   0x0000000000000000       0x8e ./Src/Encoder.o
 .debug_macro   0x0000000000000000       0x51 ./Src/Encoder.o
 .debug_macro   0x0000000000000000      0x103 ./Src/Encoder.o
 .debug_macro   0x0000000000000000       0x6a ./Src/Encoder.o
 .debug_macro   0x0000000000000000      0x1df ./Src/Encoder.o
 .debug_macro   0x0000000000000000       0x1c ./Src/Encoder.o
 .debug_macro   0x0000000000000000       0x22 ./Src/Encoder.o
 .debug_macro   0x0000000000000000       0xd9 ./Src/Encoder.o
 .debug_macro   0x0000000000000000     0x102d ./Src/Encoder.o
 .debug_macro   0x0000000000000000      0x11f ./Src/Encoder.o
 .debug_macro   0x0000000000000000    0x15e82 ./Src/Encoder.o
 .debug_line    0x0000000000000000      0x4cd ./Src/Encoder.o
 .debug_str     0x0000000000000000    0x87fff ./Src/Encoder.o
 .comment       0x0000000000000000       0x51 ./Src/Encoder.o
 .debug_frame   0x0000000000000000       0x7c ./Src/Encoder.o
 .ARM.attributes
                0x0000000000000000       0x34 ./Src/Encoder.o
 .group         0x0000000000000000        0xc ./Src/GPIO.o
 .group         0x0000000000000000        0xc ./Src/GPIO.o
 .group         0x0000000000000000        0xc ./Src/GPIO.o
 .group         0x0000000000000000        0xc ./Src/GPIO.o
 .group         0x0000000000000000        0xc ./Src/GPIO.o
 .group         0x0000000000000000        0xc ./Src/GPIO.o
 .group         0x0000000000000000        0xc ./Src/GPIO.o
 .group         0x0000000000000000        0xc ./Src/GPIO.o
 .group         0x0000000000000000        0xc ./Src/GPIO.o
 .group         0x0000000000000000        0xc ./Src/GPIO.o
 .group         0x0000000000000000        0xc ./Src/GPIO.o
 .group         0x0000000000000000        0xc ./Src/GPIO.o
 .group         0x0000000000000000        0xc ./Src/GPIO.o
 .group         0x0000000000000000        0xc ./Src/GPIO.o
 .text          0x0000000000000000        0x0 ./Src/GPIO.o
 .data          0x0000000000000000        0x0 ./Src/GPIO.o
 .bss           0x0000000000000000        0x0 ./Src/GPIO.o
 .debug_macro   0x0000000000000000      0xa84 ./Src/GPIO.o
 .debug_macro   0x0000000000000000       0x2f ./Src/GPIO.o
 .debug_macro   0x0000000000000000       0x22 ./Src/GPIO.o
 .debug_macro   0x0000000000000000       0x8e ./Src/GPIO.o
 .debug_macro   0x0000000000000000       0x51 ./Src/GPIO.o
 .debug_macro   0x0000000000000000      0x103 ./Src/GPIO.o
 .debug_macro   0x0000000000000000       0x6a ./Src/GPIO.o
 .debug_macro   0x0000000000000000      0x1df ./Src/GPIO.o
 .debug_macro   0x0000000000000000       0x1c ./Src/GPIO.o
 .debug_macro   0x0000000000000000       0x22 ./Src/GPIO.o
 .debug_macro   0x0000000000000000       0xd9 ./Src/GPIO.o
 .debug_macro   0x0000000000000000     0x102d ./Src/GPIO.o
 .debug_macro   0x0000000000000000      0x11f ./Src/GPIO.o
 .debug_macro   0x0000000000000000    0x15e82 ./Src/GPIO.o
 .group         0x0000000000000000        0xc ./Src/PWM.o
 .group         0x0000000000000000        0xc ./Src/PWM.o
 .group         0x0000000000000000        0xc ./Src/PWM.o
 .group         0x0000000000000000        0xc ./Src/PWM.o
 .group         0x0000000000000000        0xc ./Src/PWM.o
 .group         0x0000000000000000        0xc ./Src/PWM.o
 .group         0x0000000000000000        0xc ./Src/PWM.o
 .group         0x0000000000000000        0xc ./Src/PWM.o
 .group         0x0000000000000000        0xc ./Src/PWM.o
 .group         0x0000000000000000        0xc ./Src/PWM.o
 .group         0x0000000000000000        0xc ./Src/PWM.o
 .group         0x0000000000000000        0xc ./Src/PWM.o
 .group         0x0000000000000000        0xc ./Src/PWM.o
 .group         0x0000000000000000        0xc ./Src/PWM.o
 .text          0x0000000000000000        0x0 ./Src/PWM.o
 .data          0x0000000000000000        0x0 ./Src/PWM.o
 .bss           0x0000000000000000        0x0 ./Src/PWM.o
 .text.PWM_Init
                0x0000000000000000       0x84 ./Src/PWM.o
 .text.SetPWM   0x0000000000000000       0xa4 ./Src/PWM.o
 .debug_info    0x0000000000000000      0x4a4 ./Src/PWM.o
 .debug_abbrev  0x0000000000000000       0xdc ./Src/PWM.o
 .debug_aranges
                0x0000000000000000       0x28 ./Src/PWM.o
 .debug_ranges  0x0000000000000000       0x18 ./Src/PWM.o
 .debug_macro   0x0000000000000000       0xbf ./Src/PWM.o
 .debug_macro   0x0000000000000000      0xa84 ./Src/PWM.o
 .debug_macro   0x0000000000000000       0x2f ./Src/PWM.o
 .debug_macro   0x0000000000000000       0x22 ./Src/PWM.o
 .debug_macro   0x0000000000000000       0x8e ./Src/PWM.o
 .debug_macro   0x0000000000000000       0x51 ./Src/PWM.o
 .debug_macro   0x0000000000000000      0x103 ./Src/PWM.o
 .debug_macro   0x0000000000000000       0x6a ./Src/PWM.o
 .debug_macro   0x0000000000000000      0x1df ./Src/PWM.o
 .debug_macro   0x0000000000000000       0x1c ./Src/PWM.o
 .debug_macro   0x0000000000000000       0x22 ./Src/PWM.o
 .debug_macro   0x0000000000000000       0xd9 ./Src/PWM.o
 .debug_macro   0x0000000000000000     0x102d ./Src/PWM.o
 .debug_macro   0x0000000000000000      0x11f ./Src/PWM.o
 .debug_macro   0x0000000000000000    0x15e82 ./Src/PWM.o
 .debug_line    0x0000000000000000      0x4aa ./Src/PWM.o
 .debug_str     0x0000000000000000    0x87a36 ./Src/PWM.o
 .comment       0x0000000000000000       0x51 ./Src/PWM.o
 .debug_frame   0x0000000000000000       0x58 ./Src/PWM.o
 .ARM.attributes
                0x0000000000000000       0x34 ./Src/PWM.o
 .group         0x0000000000000000        0xc ./Src/adc.o
 .group         0x0000000000000000        0xc ./Src/adc.o
 .group         0x0000000000000000        0xc ./Src/adc.o
 .group         0x0000000000000000        0xc ./Src/adc.o
 .group         0x0000000000000000        0xc ./Src/adc.o
 .group         0x0000000000000000        0xc ./Src/adc.o
 .group         0x0000000000000000        0xc ./Src/adc.o
 .group         0x0000000000000000        0xc ./Src/adc.o
 .group         0x0000000000000000        0xc ./Src/adc.o
 .group         0x0000000000000000        0xc ./Src/adc.o
 .group         0x0000000000000000        0xc ./Src/adc.o
 .group         0x0000000000000000        0xc ./Src/adc.o
 .group         0x0000000000000000        0xc ./Src/adc.o
 .group         0x0000000000000000        0xc ./Src/adc.o
 .text          0x0000000000000000        0x0 ./Src/adc.o
 .data          0x0000000000000000        0x0 ./Src/adc.o
 .bss           0x0000000000000000        0x0 ./Src/adc.o
 .text.__NVIC_EnableIRQ
                0x0000000000000000       0x3c ./Src/adc.o
 .text.__NVIC_SetPriority
                0x0000000000000000       0x54 ./Src/adc.o
 .text.PA4_ADC_Init
                0x0000000000000000       0x78 ./Src/adc.o
 .text.Start_Conversion_Single
                0x0000000000000000       0x2c ./Src/adc.o
 .text.Adc_Read
                0x0000000000000000       0x24 ./Src/adc.o
 .debug_info    0x0000000000000000      0x9ff ./Src/adc.o
 .debug_abbrev  0x0000000000000000      0x1bf ./Src/adc.o
 .debug_aranges
                0x0000000000000000       0x40 ./Src/adc.o
 .debug_ranges  0x0000000000000000       0x30 ./Src/adc.o
 .debug_macro   0x0000000000000000       0xe1 ./Src/adc.o
 .debug_macro   0x0000000000000000      0xa84 ./Src/adc.o
 .debug_macro   0x0000000000000000       0x2f ./Src/adc.o
 .debug_macro   0x0000000000000000       0x22 ./Src/adc.o
 .debug_macro   0x0000000000000000       0x8e ./Src/adc.o
 .debug_macro   0x0000000000000000       0x51 ./Src/adc.o
 .debug_macro   0x0000000000000000      0x103 ./Src/adc.o
 .debug_macro   0x0000000000000000       0x6a ./Src/adc.o
 .debug_macro   0x0000000000000000      0x1df ./Src/adc.o
 .debug_macro   0x0000000000000000       0x1c ./Src/adc.o
 .debug_macro   0x0000000000000000       0x22 ./Src/adc.o
 .debug_macro   0x0000000000000000       0xd9 ./Src/adc.o
 .debug_macro   0x0000000000000000     0x102d ./Src/adc.o
 .debug_macro   0x0000000000000000      0x11f ./Src/adc.o
 .debug_macro   0x0000000000000000    0x15e82 ./Src/adc.o
 .debug_line    0x0000000000000000      0x523 ./Src/adc.o
 .debug_str     0x0000000000000000    0x8806d ./Src/adc.o
 .comment       0x0000000000000000       0x51 ./Src/adc.o
 .debug_frame   0x0000000000000000       0xbc ./Src/adc.o
 .ARM.attributes
                0x0000000000000000       0x34 ./Src/adc.o
 .group         0x0000000000000000        0xc ./Src/i2c.o
 .group         0x0000000000000000        0xc ./Src/i2c.o
 .group         0x0000000000000000        0xc ./Src/i2c.o
 .group         0x0000000000000000        0xc ./Src/i2c.o
 .group         0x0000000000000000        0xc ./Src/i2c.o
 .group         0x0000000000000000        0xc ./Src/i2c.o
 .group         0x0000000000000000        0xc ./Src/i2c.o
 .group         0x0000000000000000        0xc ./Src/i2c.o
 .group         0x0000000000000000        0xc ./Src/i2c.o
 .group         0x0000000000000000        0xc ./Src/i2c.o
 .group         0x0000000000000000        0xc ./Src/i2c.o
 .group         0x0000000000000000        0xc ./Src/i2c.o
 .group         0x0000000000000000        0xc ./Src/i2c.o
 .group         0x0000000000000000        0xc ./Src/i2c.o
 .group         0x0000000000000000        0xc ./Src/i2c.o
 .text          0x0000000000000000        0x0 ./Src/i2c.o
 .data          0x0000000000000000        0x0 ./Src/i2c.o
 .bss           0x0000000000000000        0x0 ./Src/i2c.o
 .text.I2C_MasterSendData
                0x0000000000000000       0xbc ./Src/i2c.o
 .text.I2C_MasterReceiveData
                0x0000000000000000      0x100 ./Src/i2c.o
 .text.I2C_Read_Memory
                0x0000000000000000      0x15c ./Src/i2c.o
 .debug_macro   0x0000000000000000      0xa84 ./Src/i2c.o
 .debug_macro   0x0000000000000000       0x2f ./Src/i2c.o
 .debug_macro   0x0000000000000000       0x22 ./Src/i2c.o
 .debug_macro   0x0000000000000000       0x8e ./Src/i2c.o
 .debug_macro   0x0000000000000000       0x51 ./Src/i2c.o
 .debug_macro   0x0000000000000000      0x103 ./Src/i2c.o
 .debug_macro   0x0000000000000000       0x6a ./Src/i2c.o
 .debug_macro   0x0000000000000000      0x1df ./Src/i2c.o
 .debug_macro   0x0000000000000000       0x1c ./Src/i2c.o
 .debug_macro   0x0000000000000000       0x22 ./Src/i2c.o
 .debug_macro   0x0000000000000000       0xd9 ./Src/i2c.o
 .debug_macro   0x0000000000000000     0x102d ./Src/i2c.o
 .debug_macro   0x0000000000000000      0x11f ./Src/i2c.o
 .debug_macro   0x0000000000000000    0x15e82 ./Src/i2c.o
 .group         0x0000000000000000        0xc ./Src/main.o
 .group         0x0000000000000000        0xc ./Src/main.o
 .group         0x0000000000000000        0xc ./Src/main.o
 .group         0x0000000000000000        0xc ./Src/main.o
 .group         0x0000000000000000        0xc ./Src/main.o
 .group         0x0000000000000000        0xc ./Src/main.o
 .group         0x0000000000000000        0xc ./Src/main.o
 .group         0x0000000000000000        0xc ./Src/main.o
 .group         0x0000000000000000        0xc ./Src/main.o
 .group         0x0000000000000000        0xc ./Src/main.o
 .group         0x0000000000000000        0xc ./Src/main.o
 .group         0x0000000000000000        0xc ./Src/main.o
 .group         0x0000000000000000        0xc ./Src/main.o
 .group         0x0000000000000000        0xc ./Src/main.o
 .group         0x0000000000000000        0xc ./Src/main.o
 .group         0x0000000000000000        0xc ./Src/main.o
 .group         0x0000000000000000        0xc ./Src/main.o
 .group         0x0000000000000000        0xc ./Src/main.o
 .group         0x0000000000000000        0xc ./Src/main.o
 .group         0x0000000000000000        0xc ./Src/main.o
 .group         0x0000000000000000        0xc ./Src/main.o
 .group         0x0000000000000000        0xc ./Src/main.o
 .group         0x0000000000000000        0xc ./Src/main.o
 .group         0x0000000000000000        0xc ./Src/main.o
 .group         0x0000000000000000        0xc ./Src/main.o
 .group         0x0000000000000000        0xc ./Src/main.o
 .group         0x0000000000000000        0xc ./Src/main.o
 .group         0x0000000000000000        0xc ./Src/main.o
 .group         0x0000000000000000        0xc ./Src/main.o
 .group         0x0000000000000000        0xc ./Src/main.o
 .group         0x0000000000000000        0xc ./Src/main.o
 .group         0x0000000000000000        0xc ./Src/main.o
 .group         0x0000000000000000        0xc ./Src/main.o
 .group         0x0000000000000000        0xc ./Src/main.o
 .group         0x0000000000000000        0xc ./Src/main.o
 .group         0x0000000000000000        0xc ./Src/main.o
 .group         0x0000000000000000        0xc ./Src/main.o
 .group         0x0000000000000000        0xc ./Src/main.o
 .group         0x0000000000000000        0xc ./Src/main.o
 .group         0x0000000000000000        0xc ./Src/main.o
 .group         0x0000000000000000        0xc ./Src/main.o
 .group         0x0000000000000000        0xc ./Src/main.o
 .group         0x0000000000000000        0xc ./Src/main.o
 .text          0x0000000000000000        0x0 ./Src/main.o
 .data          0x0000000000000000        0x0 ./Src/main.o
 .bss           0x0000000000000000        0x0 ./Src/main.o
 .bss.RX_Buffer
                0x0000000000000000       0x14 ./Src/main.o
 .bss.TX_Buffer
                0x0000000000000000       0x14 ./Src/main.o
 .debug_macro   0x0000000000000000      0xa84 ./Src/main.o
 .debug_macro   0x0000000000000000       0x22 ./Src/main.o
 .debug_macro   0x0000000000000000       0x6a ./Src/main.o
 .debug_macro   0x0000000000000000      0x103 ./Src/main.o
 .debug_macro   0x0000000000000000      0x1df ./Src/main.o
 .debug_macro   0x0000000000000000       0x2f ./Src/main.o
 .debug_macro   0x0000000000000000       0x1c ./Src/main.o
 .debug_macro   0x0000000000000000       0x22 ./Src/main.o
 .debug_macro   0x0000000000000000       0xd9 ./Src/main.o
 .debug_macro   0x0000000000000000     0x102d ./Src/main.o
 .debug_macro   0x0000000000000000      0x11f ./Src/main.o
 .debug_macro   0x0000000000000000    0x15e82 ./Src/main.o
 .debug_macro   0x0000000000000000       0x64 ./Src/main.o
 .group         0x0000000000000000        0xc ./Src/syscalls.o
 .group         0x0000000000000000        0xc ./Src/syscalls.o
 .group         0x0000000000000000        0xc ./Src/syscalls.o
 .group         0x0000000000000000        0xc ./Src/syscalls.o
 .group         0x0000000000000000        0xc ./Src/syscalls.o
 .group         0x0000000000000000        0xc ./Src/syscalls.o
 .group         0x0000000000000000        0xc ./Src/syscalls.o
 .group         0x0000000000000000        0xc ./Src/syscalls.o
 .group         0x0000000000000000        0xc ./Src/syscalls.o
 .group         0x0000000000000000        0xc ./Src/syscalls.o
 .group         0x0000000000000000        0xc ./Src/syscalls.o
 .group         0x0000000000000000        0xc ./Src/syscalls.o
 .group         0x0000000000000000        0xc ./Src/syscalls.o
 .group         0x0000000000000000        0xc ./Src/syscalls.o
 .group         0x0000000000000000        0xc ./Src/syscalls.o
 .group         0x0000000000000000        0xc ./Src/syscalls.o
 .group         0x0000000000000000        0xc ./Src/syscalls.o
 .group         0x0000000000000000        0xc ./Src/syscalls.o
 .group         0x0000000000000000        0xc ./Src/syscalls.o
 .group         0x0000000000000000        0xc ./Src/syscalls.o
 .group         0x0000000000000000        0xc ./Src/syscalls.o
 .group         0x0000000000000000        0xc ./Src/syscalls.o
 .group         0x0000000000000000        0xc ./Src/syscalls.o
 .group         0x0000000000000000        0xc ./Src/syscalls.o
 .group         0x0000000000000000        0xc ./Src/syscalls.o
 .group         0x0000000000000000        0xc ./Src/syscalls.o
 .group         0x0000000000000000        0xc ./Src/syscalls.o
 .group         0x0000000000000000        0xc ./Src/syscalls.o
 .group         0x0000000000000000        0xc ./Src/syscalls.o
 .group         0x0000000000000000        0xc ./Src/syscalls.o
 .group         0x0000000000000000        0xc ./Src/syscalls.o
 .group         0x0000000000000000        0xc ./Src/syscalls.o
 .group         0x0000000000000000        0xc ./Src/syscalls.o
 .group         0x0000000000000000        0xc ./Src/syscalls.o
 .group         0x0000000000000000        0xc ./Src/syscalls.o
 .group         0x0000000000000000        0xc ./Src/syscalls.o
 .group         0x0000000000000000        0xc ./Src/syscalls.o
 .group         0x0000000000000000        0xc ./Src/syscalls.o
 .group         0x0000000000000000        0xc ./Src/syscalls.o
 .group         0x0000000000000000        0xc ./Src/syscalls.o
 .group         0x0000000000000000        0xc ./Src/syscalls.o
 .group         0x0000000000000000        0xc ./Src/syscalls.o
 .group         0x0000000000000000        0xc ./Src/syscalls.o
 .group         0x0000000000000000        0xc ./Src/syscalls.o
 .group         0x0000000000000000        0xc ./Src/syscalls.o
 .group         0x0000000000000000        0xc ./Src/syscalls.o
 .group         0x0000000000000000        0xc ./Src/syscalls.o
 .text          0x0000000000000000        0x0 ./Src/syscalls.o
 .data          0x0000000000000000        0x0 ./Src/syscalls.o
 .bss           0x0000000000000000        0x0 ./Src/syscalls.o
 .bss.__env     0x0000000000000000        0x4 ./Src/syscalls.o
 .data.environ  0x0000000000000000        0x4 ./Src/syscalls.o
 .text.initialise_monitor_handles
                0x0000000000000000        0xe ./Src/syscalls.o
 .text._getpid  0x0000000000000000       0x10 ./Src/syscalls.o
 .text._kill    0x0000000000000000       0x20 ./Src/syscalls.o
 .text._exit    0x0000000000000000       0x14 ./Src/syscalls.o
 .text._read    0x0000000000000000       0x3a ./Src/syscalls.o
 .text._write   0x0000000000000000       0x38 ./Src/syscalls.o
 .text._close   0x0000000000000000       0x18 ./Src/syscalls.o
 .text._fstat   0x0000000000000000       0x20 ./Src/syscalls.o
 .text._isatty  0x0000000000000000       0x16 ./Src/syscalls.o
 .text._lseek   0x0000000000000000       0x1a ./Src/syscalls.o
 .text._open    0x0000000000000000       0x1c ./Src/syscalls.o
 .text._wait    0x0000000000000000       0x1e ./Src/syscalls.o
 .text._unlink  0x0000000000000000       0x1e ./Src/syscalls.o
 .text._times   0x0000000000000000       0x18 ./Src/syscalls.o
 .text._stat    0x0000000000000000       0x20 ./Src/syscalls.o
 .text._link    0x0000000000000000       0x20 ./Src/syscalls.o
 .text._fork    0x0000000000000000       0x16 ./Src/syscalls.o
 .text._execve  0x0000000000000000       0x22 ./Src/syscalls.o
 .debug_info    0x0000000000000000      0x6e0 ./Src/syscalls.o
 .debug_abbrev  0x0000000000000000      0x1b3 ./Src/syscalls.o
 .debug_aranges
                0x0000000000000000       0xa8 ./Src/syscalls.o
 .debug_ranges  0x0000000000000000       0x98 ./Src/syscalls.o
 .debug_macro   0x0000000000000000      0x24c ./Src/syscalls.o
 .debug_macro   0x0000000000000000      0xa84 ./Src/syscalls.o
 .debug_macro   0x0000000000000000       0x22 ./Src/syscalls.o
 .debug_macro   0x0000000000000000       0x4c ./Src/syscalls.o
 .debug_macro   0x0000000000000000       0x1e ./Src/syscalls.o
 .debug_macro   0x0000000000000000       0x94 ./Src/syscalls.o
 .debug_macro   0x0000000000000000       0x3c ./Src/syscalls.o
 .debug_macro   0x0000000000000000       0x34 ./Src/syscalls.o
 .debug_macro   0x0000000000000000       0x57 ./Src/syscalls.o
 .debug_macro   0x0000000000000000      0x174 ./Src/syscalls.o
 .debug_macro   0x0000000000000000      0x341 ./Src/syscalls.o
 .debug_macro   0x0000000000000000       0x16 ./Src/syscalls.o
 .debug_macro   0x0000000000000000       0x43 ./Src/syscalls.o
 .debug_macro   0x0000000000000000       0x34 ./Src/syscalls.o
 .debug_macro   0x0000000000000000       0x10 ./Src/syscalls.o
 .debug_macro   0x0000000000000000       0x58 ./Src/syscalls.o
 .debug_macro   0x0000000000000000       0x71 ./Src/syscalls.o
 .debug_macro   0x0000000000000000       0x1c ./Src/syscalls.o
 .debug_macro   0x0000000000000000      0x12a ./Src/syscalls.o
 .debug_macro   0x0000000000000000       0x10 ./Src/syscalls.o
 .debug_macro   0x0000000000000000       0x35 ./Src/syscalls.o
 .debug_macro   0x0000000000000000       0x10 ./Src/syscalls.o
 .debug_macro   0x0000000000000000       0x10 ./Src/syscalls.o
 .debug_macro   0x0000000000000000       0x10 ./Src/syscalls.o
 .debug_macro   0x0000000000000000       0x6a ./Src/syscalls.o
 .debug_macro   0x0000000000000000       0x1c ./Src/syscalls.o
 .debug_macro   0x0000000000000000       0x52 ./Src/syscalls.o
 .debug_macro   0x0000000000000000       0x22 ./Src/syscalls.o
 .debug_macro   0x0000000000000000       0x10 ./Src/syscalls.o
 .debug_macro   0x0000000000000000       0x52 ./Src/syscalls.o
 .debug_macro   0x0000000000000000       0xd5 ./Src/syscalls.o
 .debug_macro   0x0000000000000000       0x1c ./Src/syscalls.o
 .debug_macro   0x0000000000000000       0x3d ./Src/syscalls.o
 .debug_macro   0x0000000000000000       0x35 ./Src/syscalls.o
 .debug_macro   0x0000000000000000      0x12c ./Src/syscalls.o
 .debug_macro   0x0000000000000000       0x16 ./Src/syscalls.o
 .debug_macro   0x0000000000000000       0x16 ./Src/syscalls.o
 .debug_macro   0x0000000000000000       0x29 ./Src/syscalls.o
 .debug_macro   0x0000000000000000       0x10 ./Src/syscalls.o
 .debug_macro   0x0000000000000000      0x241 ./Src/syscalls.o
 .debug_macro   0x0000000000000000       0x1c ./Src/syscalls.o
 .debug_macro   0x0000000000000000       0x10 ./Src/syscalls.o
 .debug_macro   0x0000000000000000       0x10 ./Src/syscalls.o
 .debug_macro   0x0000000000000000       0x16 ./Src/syscalls.o
 .debug_macro   0x0000000000000000      0x145 ./Src/syscalls.o
 .debug_macro   0x0000000000000000      0x189 ./Src/syscalls.o
 .debug_macro   0x0000000000000000       0x16 ./Src/syscalls.o
 .debug_macro   0x0000000000000000       0xce ./Src/syscalls.o
 .debug_line    0x0000000000000000      0x7f9 ./Src/syscalls.o
 .debug_str     0x0000000000000000     0x8a98 ./Src/syscalls.o
 .comment       0x0000000000000000       0x51 ./Src/syscalls.o
 .debug_frame   0x0000000000000000      0x2ac ./Src/syscalls.o
 .ARM.attributes
                0x0000000000000000       0x34 ./Src/syscalls.o
 .group         0x0000000000000000        0xc ./Src/sysmem.o
 .group         0x0000000000000000        0xc ./Src/sysmem.o
 .group         0x0000000000000000        0xc ./Src/sysmem.o
 .group         0x0000000000000000        0xc ./Src/sysmem.o
 .group         0x0000000000000000        0xc ./Src/sysmem.o
 .group         0x0000000000000000        0xc ./Src/sysmem.o
 .group         0x0000000000000000        0xc ./Src/sysmem.o
 .group         0x0000000000000000        0xc ./Src/sysmem.o
 .group         0x0000000000000000        0xc ./Src/sysmem.o
 .group         0x0000000000000000        0xc ./Src/sysmem.o
 .group         0x0000000000000000        0xc ./Src/sysmem.o
 .group         0x0000000000000000        0xc ./Src/sysmem.o
 .group         0x0000000000000000        0xc ./Src/sysmem.o
 .group         0x0000000000000000        0xc ./Src/sysmem.o
 .group         0x0000000000000000        0xc ./Src/sysmem.o
 .group         0x0000000000000000        0xc ./Src/sysmem.o
 .group         0x0000000000000000        0xc ./Src/sysmem.o
 .group         0x0000000000000000        0xc ./Src/sysmem.o
 .group         0x0000000000000000        0xc ./Src/sysmem.o
 .group         0x0000000000000000        0xc ./Src/sysmem.o
 .group         0x0000000000000000        0xc ./Src/sysmem.o
 .group         0x0000000000000000        0xc ./Src/sysmem.o
 .text          0x0000000000000000        0x0 ./Src/sysmem.o
 .data          0x0000000000000000        0x0 ./Src/sysmem.o
 .bss           0x0000000000000000        0x0 ./Src/sysmem.o
 .bss.__sbrk_heap_end
                0x0000000000000000        0x4 ./Src/sysmem.o
 .text._sbrk    0x0000000000000000       0x6c ./Src/sysmem.o
 .debug_info    0x0000000000000000      0x171 ./Src/sysmem.o
 .debug_abbrev  0x0000000000000000       0xbb ./Src/sysmem.o
 .debug_aranges
                0x0000000000000000       0x20 ./Src/sysmem.o
 .debug_ranges  0x0000000000000000       0x10 ./Src/sysmem.o
 .debug_macro   0x0000000000000000       0xff ./Src/sysmem.o
 .debug_macro   0x0000000000000000      0xa84 ./Src/sysmem.o
 .debug_macro   0x0000000000000000       0x10 ./Src/sysmem.o
 .debug_macro   0x0000000000000000       0x22 ./Src/sysmem.o
 .debug_macro   0x0000000000000000       0x4c ./Src/sysmem.o
 .debug_macro   0x0000000000000000       0x1e ./Src/sysmem.o
 .debug_macro   0x0000000000000000       0x94 ./Src/sysmem.o
 .debug_macro   0x0000000000000000       0x3c ./Src/sysmem.o
 .debug_macro   0x0000000000000000       0x34 ./Src/sysmem.o
 .debug_macro   0x0000000000000000      0x174 ./Src/sysmem.o
 .debug_macro   0x0000000000000000       0x16 ./Src/sysmem.o
 .debug_macro   0x0000000000000000       0x43 ./Src/sysmem.o
 .debug_macro   0x0000000000000000       0x57 ./Src/sysmem.o
 .debug_macro   0x0000000000000000       0x34 ./Src/sysmem.o
 .debug_macro   0x0000000000000000       0x10 ./Src/sysmem.o
 .debug_macro   0x0000000000000000       0x58 ./Src/sysmem.o
 .debug_macro   0x0000000000000000       0x71 ./Src/sysmem.o
 .debug_macro   0x0000000000000000       0x1c ./Src/sysmem.o
 .debug_macro   0x0000000000000000      0x12a ./Src/sysmem.o
 .debug_macro   0x0000000000000000      0x23b ./Src/sysmem.o
 .debug_macro   0x0000000000000000      0x103 ./Src/sysmem.o
 .debug_macro   0x0000000000000000       0x6a ./Src/sysmem.o
 .debug_macro   0x0000000000000000      0x1df ./Src/sysmem.o
 .debug_line    0x0000000000000000      0x4ef ./Src/sysmem.o
 .debug_str     0x0000000000000000     0x5dd4 ./Src/sysmem.o
 .comment       0x0000000000000000       0x51 ./Src/sysmem.o
 .debug_frame   0x0000000000000000       0x34 ./Src/sysmem.o
 .ARM.attributes
                0x0000000000000000       0x34 ./Src/sysmem.o
 .group         0x0000000000000000        0xc ./Src/systick.o
 .group         0x0000000000000000        0xc ./Src/systick.o
 .group         0x0000000000000000        0xc ./Src/systick.o
 .group         0x0000000000000000        0xc ./Src/systick.o
 .group         0x0000000000000000        0xc ./Src/systick.o
 .group         0x0000000000000000        0xc ./Src/systick.o
 .group         0x0000000000000000        0xc ./Src/systick.o
 .group         0x0000000000000000        0xc ./Src/systick.o
 .group         0x0000000000000000        0xc ./Src/systick.o
 .group         0x0000000000000000        0xc ./Src/systick.o
 .group         0x0000000000000000        0xc ./Src/systick.o
 .group         0x0000000000000000        0xc ./Src/systick.o
 .group         0x0000000000000000        0xc ./Src/systick.o
 .group         0x0000000000000000        0xc ./Src/systick.o
 .text          0x0000000000000000        0x0 ./Src/systick.o
 .data          0x0000000000000000        0x0 ./Src/systick.o
 .bss           0x0000000000000000        0x0 ./Src/systick.o
 .debug_macro   0x0000000000000000      0xa84 ./Src/systick.o
 .debug_macro   0x0000000000000000       0x2f ./Src/systick.o
 .debug_macro   0x0000000000000000       0x22 ./Src/systick.o
 .debug_macro   0x0000000000000000       0x8e ./Src/systick.o
 .debug_macro   0x0000000000000000       0x51 ./Src/systick.o
 .debug_macro   0x0000000000000000      0x103 ./Src/systick.o
 .debug_macro   0x0000000000000000       0x6a ./Src/systick.o
 .debug_macro   0x0000000000000000      0x1df ./Src/systick.o
 .debug_macro   0x0000000000000000       0x1c ./Src/systick.o
 .debug_macro   0x0000000000000000       0x22 ./Src/systick.o
 .debug_macro   0x0000000000000000       0xd9 ./Src/systick.o
 .debug_macro   0x0000000000000000     0x102d ./Src/systick.o
 .debug_macro   0x0000000000000000      0x11f ./Src/systick.o
 .debug_macro   0x0000000000000000    0x15e82 ./Src/systick.o
 .group         0x0000000000000000        0xc ./Src/tim2.o
 .group         0x0000000000000000        0xc ./Src/tim2.o
 .group         0x0000000000000000        0xc ./Src/tim2.o
 .group         0x0000000000000000        0xc ./Src/tim2.o
 .group         0x0000000000000000        0xc ./Src/tim2.o
 .group         0x0000000000000000        0xc ./Src/tim2.o
 .group         0x0000000000000000        0xc ./Src/tim2.o
 .group         0x0000000000000000        0xc ./Src/tim2.o
 .group         0x0000000000000000        0xc ./Src/tim2.o
 .group         0x0000000000000000        0xc ./Src/tim2.o
 .group         0x0000000000000000        0xc ./Src/tim2.o
 .group         0x0000000000000000        0xc ./Src/tim2.o
 .group         0x0000000000000000        0xc ./Src/tim2.o
 .group         0x0000000000000000        0xc ./Src/tim2.o
 .text          0x0000000000000000        0x0 ./Src/tim2.o
 .data          0x0000000000000000        0x0 ./Src/tim2.o
 .bss           0x0000000000000000        0x0 ./Src/tim2.o
 .text.TIM1_Init
                0x0000000000000000       0x64 ./Src/tim2.o
 .text.TIM1_Interrupt_Init
                0x0000000000000000       0x38 ./Src/tim2.o
 .debug_info    0x0000000000000000      0x72c ./Src/tim2.o
 .debug_abbrev  0x0000000000000000      0x10e ./Src/tim2.o
 .debug_aranges
                0x0000000000000000       0x28 ./Src/tim2.o
 .debug_ranges  0x0000000000000000       0x18 ./Src/tim2.o
 .debug_macro   0x0000000000000000       0xcf ./Src/tim2.o
 .debug_macro   0x0000000000000000      0xa84 ./Src/tim2.o
 .debug_macro   0x0000000000000000       0x2f ./Src/tim2.o
 .debug_macro   0x0000000000000000       0x22 ./Src/tim2.o
 .debug_macro   0x0000000000000000       0x8e ./Src/tim2.o
 .debug_macro   0x0000000000000000       0x51 ./Src/tim2.o
 .debug_macro   0x0000000000000000      0x103 ./Src/tim2.o
 .debug_macro   0x0000000000000000       0x6a ./Src/tim2.o
 .debug_macro   0x0000000000000000      0x1df ./Src/tim2.o
 .debug_macro   0x0000000000000000       0x1c ./Src/tim2.o
 .debug_macro   0x0000000000000000       0x22 ./Src/tim2.o
 .debug_macro   0x0000000000000000       0xd9 ./Src/tim2.o
 .debug_macro   0x0000000000000000     0x102d ./Src/tim2.o
 .debug_macro   0x0000000000000000      0x11f ./Src/tim2.o
 .debug_macro   0x0000000000000000    0x15e82 ./Src/tim2.o
 .debug_line    0x0000000000000000      0x499 ./Src/tim2.o
 .debug_str     0x0000000000000000    0x87f3d ./Src/tim2.o
 .comment       0x0000000000000000       0x51 ./Src/tim2.o
 .debug_frame   0x0000000000000000       0x50 ./Src/tim2.o
 .ARM.attributes
                0x0000000000000000       0x34 ./Src/tim2.o
 .group         0x0000000000000000        0xc ./Src/uart2.o
 .group         0x0000000000000000        0xc ./Src/uart2.o
 .group         0x0000000000000000        0xc ./Src/uart2.o
 .group         0x0000000000000000        0xc ./Src/uart2.o
 .group         0x0000000000000000        0xc ./Src/uart2.o
 .group         0x0000000000000000        0xc ./Src/uart2.o
 .group         0x0000000000000000        0xc ./Src/uart2.o
 .group         0x0000000000000000        0xc ./Src/uart2.o
 .group         0x0000000000000000        0xc ./Src/uart2.o
 .group         0x0000000000000000        0xc ./Src/uart2.o
 .group         0x0000000000000000        0xc ./Src/uart2.o
 .group         0x0000000000000000        0xc ./Src/uart2.o
 .group         0x0000000000000000        0xc ./Src/uart2.o
 .group         0x0000000000000000        0xc ./Src/uart2.o
 .group         0x0000000000000000        0xc ./Src/uart2.o
 .group         0x0000000000000000        0xc ./Src/uart2.o
 .group         0x0000000000000000        0xc ./Src/uart2.o
 .group         0x0000000000000000        0xc ./Src/uart2.o
 .group         0x0000000000000000        0xc ./Src/uart2.o
 .group         0x0000000000000000        0xc ./Src/uart2.o
 .group         0x0000000000000000        0xc ./Src/uart2.o
 .group         0x0000000000000000        0xc ./Src/uart2.o
 .group         0x0000000000000000        0xc ./Src/uart2.o
 .group         0x0000000000000000        0xc ./Src/uart2.o
 .group         0x0000000000000000        0xc ./Src/uart2.o
 .group         0x0000000000000000        0xc ./Src/uart2.o
 .group         0x0000000000000000        0xc ./Src/uart2.o
 .group         0x0000000000000000        0xc ./Src/uart2.o
 .group         0x0000000000000000        0xc ./Src/uart2.o
 .group         0x0000000000000000        0xc ./Src/uart2.o
 .group         0x0000000000000000        0xc ./Src/uart2.o
 .group         0x0000000000000000        0xc ./Src/uart2.o
 .group         0x0000000000000000        0xc ./Src/uart2.o
 .group         0x0000000000000000        0xc ./Src/uart2.o
 .group         0x0000000000000000        0xc ./Src/uart2.o
 .group         0x0000000000000000        0xc ./Src/uart2.o
 .group         0x0000000000000000        0xc ./Src/uart2.o
 .group         0x0000000000000000        0xc ./Src/uart2.o
 .group         0x0000000000000000        0xc ./Src/uart2.o
 .group         0x0000000000000000        0xc ./Src/uart2.o
 .group         0x0000000000000000        0xc ./Src/uart2.o
 .group         0x0000000000000000        0xc ./Src/uart2.o
 .text          0x0000000000000000        0x0 ./Src/uart2.o
 .data          0x0000000000000000        0x0 ./Src/uart2.o
 .bss           0x0000000000000000        0x0 ./Src/uart2.o
 .text.UART2_Init
                0x0000000000000000       0xdc ./Src/uart2.o
 .text.UART2_Interrupt_Init
                0x0000000000000000       0x38 ./Src/uart2.o
 .text.UART_Transmit
                0x0000000000000000       0x5c ./Src/uart2.o
 .text.UART_Receive
                0x0000000000000000       0x50 ./Src/uart2.o
 .debug_info    0x0000000000000000      0x7ab ./Src/uart2.o
 .debug_abbrev  0x0000000000000000      0x155 ./Src/uart2.o
 .debug_aranges
                0x0000000000000000       0x38 ./Src/uart2.o
 .debug_ranges  0x0000000000000000       0x28 ./Src/uart2.o
 .debug_macro   0x0000000000000000      0x227 ./Src/uart2.o
 .debug_macro   0x0000000000000000      0xa84 ./Src/uart2.o
 .debug_macro   0x0000000000000000       0x22 ./Src/uart2.o
 .debug_macro   0x0000000000000000       0x4c ./Src/uart2.o
 .debug_macro   0x0000000000000000       0x1e ./Src/uart2.o
 .debug_macro   0x0000000000000000       0x94 ./Src/uart2.o
 .debug_macro   0x0000000000000000       0x3c ./Src/uart2.o
 .debug_macro   0x0000000000000000       0x34 ./Src/uart2.o
 .debug_macro   0x0000000000000000       0x16 ./Src/uart2.o
 .debug_macro   0x0000000000000000       0x57 ./Src/uart2.o
 .debug_macro   0x0000000000000000       0x97 ./Src/uart2.o
 .debug_macro   0x0000000000000000      0x341 ./Src/uart2.o
 .debug_macro   0x0000000000000000       0xfd ./Src/uart2.o
 .debug_macro   0x0000000000000000       0x10 ./Src/uart2.o
 .debug_macro   0x0000000000000000       0x16 ./Src/uart2.o
 .debug_macro   0x0000000000000000       0x43 ./Src/uart2.o
 .debug_macro   0x0000000000000000       0x34 ./Src/uart2.o
 .debug_macro   0x0000000000000000       0x10 ./Src/uart2.o
 .debug_macro   0x0000000000000000       0x58 ./Src/uart2.o
 .debug_macro   0x0000000000000000       0x71 ./Src/uart2.o
 .debug_macro   0x0000000000000000       0x1c ./Src/uart2.o
 .debug_macro   0x0000000000000000      0x12a ./Src/uart2.o
 .debug_macro   0x0000000000000000       0x10 ./Src/uart2.o
 .debug_macro   0x0000000000000000       0x6a ./Src/uart2.o
 .debug_macro   0x0000000000000000       0x1c ./Src/uart2.o
 .debug_macro   0x0000000000000000       0x52 ./Src/uart2.o
 .debug_macro   0x0000000000000000       0x22 ./Src/uart2.o
 .debug_macro   0x0000000000000000       0x10 ./Src/uart2.o
 .debug_macro   0x0000000000000000       0x52 ./Src/uart2.o
 .debug_macro   0x0000000000000000       0xd5 ./Src/uart2.o
 .debug_macro   0x0000000000000000       0x1c ./Src/uart2.o
 .debug_macro   0x0000000000000000       0x3d ./Src/uart2.o
 .debug_macro   0x0000000000000000       0x16 ./Src/uart2.o
 .debug_macro   0x0000000000000000      0x145 ./Src/uart2.o
 .debug_macro   0x0000000000000000      0x103 ./Src/uart2.o
 .debug_macro   0x0000000000000000      0x1df ./Src/uart2.o
 .debug_macro   0x0000000000000000       0x2f ./Src/uart2.o
 .debug_macro   0x0000000000000000       0x1c ./Src/uart2.o
 .debug_macro   0x0000000000000000       0x22 ./Src/uart2.o
 .debug_macro   0x0000000000000000       0xd9 ./Src/uart2.o
 .debug_macro   0x0000000000000000     0x102d ./Src/uart2.o
 .debug_macro   0x0000000000000000      0x11f ./Src/uart2.o
 .debug_macro   0x0000000000000000    0x15e82 ./Src/uart2.o
 .debug_line    0x0000000000000000      0x729 ./Src/uart2.o
 .debug_str     0x0000000000000000    0x8c003 ./Src/uart2.o
 .comment       0x0000000000000000       0x51 ./Src/uart2.o
 .debug_frame   0x0000000000000000       0xa0 ./Src/uart2.o
 .ARM.attributes
                0x0000000000000000       0x34 ./Src/uart2.o
 .text          0x0000000000000000       0x14 ./Startup/startup_stm32f407vgtx.o
 .data          0x0000000000000000        0x0 ./Startup/startup_stm32f407vgtx.o
 .bss           0x0000000000000000        0x0 ./Startup/startup_stm32f407vgtx.o
 .text          0x0000000000000000        0x0 c:/st/stm32cubeide_1.12.1/stm32cubeide/plugins/com.st.stm32cube.ide.mcu.externaltools.gnu-tools-for-stm32.10.3-2021.10.win32_1.0.200.202301161003/tools/bin/../lib/gcc/arm-none-eabi/10.3.1/../../../../arm-none-eabi/lib/thumb/v7e-m+fp/hard\libc_nano.a(lib_a-errno.o)
 .data          0x0000000000000000        0x0 c:/st/stm32cubeide_1.12.1/stm32cubeide/plugins/com.st.stm32cube.ide.mcu.externaltools.gnu-tools-for-stm32.10.3-2021.10.win32_1.0.200.202301161003/tools/bin/../lib/gcc/arm-none-eabi/10.3.1/../../../../arm-none-eabi/lib/thumb/v7e-m+fp/hard\libc_nano.a(lib_a-errno.o)
 .bss           0x0000000000000000        0x0 c:/st/stm32cubeide_1.12.1/stm32cubeide/plugins/com.st.stm32cube.ide.mcu.externaltools.gnu-tools-for-stm32.10.3-2021.10.win32_1.0.200.202301161003/tools/bin/../lib/gcc/arm-none-eabi/10.3.1/../../../../arm-none-eabi/lib/thumb/v7e-m+fp/hard\libc_nano.a(lib_a-errno.o)
 .text.__errno  0x0000000000000000        0xc c:/st/stm32cubeide_1.12.1/stm32cubeide/plugins/com.st.stm32cube.ide.mcu.externaltools.gnu-tools-for-stm32.10.3-2021.10.win32_1.0.200.202301161003/tools/bin/../lib/gcc/arm-none-eabi/10.3.1/../../../../arm-none-eabi/lib/thumb/v7e-m+fp/hard\libc_nano.a(lib_a-errno.o)
 .debug_frame   0x0000000000000000       0x20 c:/st/stm32cubeide_1.12.1/stm32cubeide/plugins/com.st.stm32cube.ide.mcu.externaltools.gnu-tools-for-stm32.10.3-2021.10.win32_1.0.200.202301161003/tools/bin/../lib/gcc/arm-none-eabi/10.3.1/../../../../arm-none-eabi/lib/thumb/v7e-m+fp/hard\libc_nano.a(lib_a-errno.o)
 .ARM.attributes
                0x0000000000000000       0x34 c:/st/stm32cubeide_1.12.1/stm32cubeide/plugins/com.st.stm32cube.ide.mcu.externaltools.gnu-tools-for-stm32.10.3-2021.10.win32_1.0.200.202301161003/tools/bin/../lib/gcc/arm-none-eabi/10.3.1/../../../../arm-none-eabi/lib/thumb/v7e-m+fp/hard\libc_nano.a(lib_a-errno.o)
 .text          0x0000000000000000        0x0 c:/st/stm32cubeide_1.12.1/stm32cubeide/plugins/com.st.stm32cube.ide.mcu.externaltools.gnu-tools-for-stm32.10.3-2021.10.win32_1.0.200.202301161003/tools/bin/../lib/gcc/arm-none-eabi/10.3.1/../../../../arm-none-eabi/lib/thumb/v7e-m+fp/hard\libc_nano.a(lib_a-exit.o)
 .data          0x0000000000000000        0x0 c:/st/stm32cubeide_1.12.1/stm32cubeide/plugins/com.st.stm32cube.ide.mcu.externaltools.gnu-tools-for-stm32.10.3-2021.10.win32_1.0.200.202301161003/tools/bin/../lib/gcc/arm-none-eabi/10.3.1/../../../../arm-none-eabi/lib/thumb/v7e-m+fp/hard\libc_nano.a(lib_a-exit.o)
 .bss           0x0000000000000000        0x0 c:/st/stm32cubeide_1.12.1/stm32cubeide/plugins/com.st.stm32cube.ide.mcu.externaltools.gnu-tools-for-stm32.10.3-2021.10.win32_1.0.200.202301161003/tools/bin/../lib/gcc/arm-none-eabi/10.3.1/../../../../arm-none-eabi/lib/thumb/v7e-m+fp/hard\libc_nano.a(lib_a-exit.o)
 .text.exit     0x0000000000000000       0x28 c:/st/stm32cubeide_1.12.1/stm32cubeide/plugins/com.st.stm32cube.ide.mcu.externaltools.gnu-tools-for-stm32.10.3-2021.10.win32_1.0.200.202301161003/tools/bin/../lib/gcc/arm-none-eabi/10.3.1/../../../../arm-none-eabi/lib/thumb/v7e-m+fp/hard\libc_nano.a(lib_a-exit.o)
 .debug_frame   0x0000000000000000       0x28 c:/st/stm32cubeide_1.12.1/stm32cubeide/plugins/com.st.stm32cube.ide.mcu.externaltools.gnu-tools-for-stm32.10.3-2021.10.win32_1.0.200.202301161003/tools/bin/../lib/gcc/arm-none-eabi/10.3.1/../../../../arm-none-eabi/lib/thumb/v7e-m+fp/hard\libc_nano.a(lib_a-exit.o)
 .ARM.attributes
                0x0000000000000000       0x34 c:/st/stm32cubeide_1.12.1/stm32cubeide/plugins/com.st.stm32cube.ide.mcu.externaltools.gnu-tools-for-stm32.10.3-2021.10.win32_1.0.200.202301161003/tools/bin/../lib/gcc/arm-none-eabi/10.3.1/../../../../arm-none-eabi/lib/thumb/v7e-m+fp/hard\libc_nano.a(lib_a-exit.o)
 .text          0x0000000000000000        0x0 c:/st/stm32cubeide_1.12.1/stm32cubeide/plugins/com.st.stm32cube.ide.mcu.externaltools.gnu-tools-for-stm32.10.3-2021.10.win32_1.0.200.202301161003/tools/bin/../lib/gcc/arm-none-eabi/10.3.1/../../../../arm-none-eabi/lib/thumb/v7e-m+fp/hard\libc_nano.a(lib_a-impure.o)
 .data          0x0000000000000000        0x0 c:/st/stm32cubeide_1.12.1/stm32cubeide/plugins/com.st.stm32cube.ide.mcu.externaltools.gnu-tools-for-stm32.10.3-2021.10.win32_1.0.200.202301161003/tools/bin/../lib/gcc/arm-none-eabi/10.3.1/../../../../arm-none-eabi/lib/thumb/v7e-m+fp/hard\libc_nano.a(lib_a-impure.o)
 .bss           0x0000000000000000        0x0 c:/st/stm32cubeide_1.12.1/stm32cubeide/plugins/com.st.stm32cube.ide.mcu.externaltools.gnu-tools-for-stm32.10.3-2021.10.win32_1.0.200.202301161003/tools/bin/../lib/gcc/arm-none-eabi/10.3.1/../../../../arm-none-eabi/lib/thumb/v7e-m+fp/hard\libc_nano.a(lib_a-impure.o)
 .data._impure_ptr
                0x0000000000000000        0x4 c:/st/stm32cubeide_1.12.1/stm32cubeide/plugins/com.st.stm32cube.ide.mcu.externaltools.gnu-tools-for-stm32.10.3-2021.10.win32_1.0.200.202301161003/tools/bin/../lib/gcc/arm-none-eabi/10.3.1/../../../../arm-none-eabi/lib/thumb/v7e-m+fp/hard\libc_nano.a(lib_a-impure.o)
 .data.impure_data
                0x0000000000000000       0x60 c:/st/stm32cubeide_1.12.1/stm32cubeide/plugins/com.st.stm32cube.ide.mcu.externaltools.gnu-tools-for-stm32.10.3-2021.10.win32_1.0.200.202301161003/tools/bin/../lib/gcc/arm-none-eabi/10.3.1/../../../../arm-none-eabi/lib/thumb/v7e-m+fp/hard\libc_nano.a(lib_a-impure.o)
 .rodata._global_impure_ptr
                0x0000000000000000        0x4 c:/st/stm32cubeide_1.12.1/stm32cubeide/plugins/com.st.stm32cube.ide.mcu.externaltools.gnu-tools-for-stm32.10.3-2021.10.win32_1.0.200.202301161003/tools/bin/../lib/gcc/arm-none-eabi/10.3.1/../../../../arm-none-eabi/lib/thumb/v7e-m+fp/hard\libc_nano.a(lib_a-impure.o)
 .ARM.attributes
                0x0000000000000000       0x34 c:/st/stm32cubeide_1.12.1/stm32cubeide/plugins/com.st.stm32cube.ide.mcu.externaltools.gnu-tools-for-stm32.10.3-2021.10.win32_1.0.200.202301161003/tools/bin/../lib/gcc/arm-none-eabi/10.3.1/../../../../arm-none-eabi/lib/thumb/v7e-m+fp/hard\libc_nano.a(lib_a-impure.o)
 .text          0x0000000000000000        0x0 c:/st/stm32cubeide_1.12.1/stm32cubeide/plugins/com.st.stm32cube.ide.mcu.externaltools.gnu-tools-for-stm32.10.3-2021.10.win32_1.0.200.202301161003/tools/bin/../lib/gcc/arm-none-eabi/10.3.1/../../../../arm-none-eabi/lib/thumb/v7e-m+fp/hard\libc_nano.a(lib_a-init.o)
 .data          0x0000000000000000        0x0 c:/st/stm32cubeide_1.12.1/stm32cubeide/plugins/com.st.stm32cube.ide.mcu.externaltools.gnu-tools-for-stm32.10.3-2021.10.win32_1.0.200.202301161003/tools/bin/../lib/gcc/arm-none-eabi/10.3.1/../../../../arm-none-eabi/lib/thumb/v7e-m+fp/hard\libc_nano.a(lib_a-init.o)
 .bss           0x0000000000000000        0x0 c:/st/stm32cubeide_1.12.1/stm32cubeide/plugins/com.st.stm32cube.ide.mcu.externaltools.gnu-tools-for-stm32.10.3-2021.10.win32_1.0.200.202301161003/tools/bin/../lib/gcc/arm-none-eabi/10.3.1/../../../../arm-none-eabi/lib/thumb/v7e-m+fp/hard\libc_nano.a(lib_a-init.o)
 .text          0x0000000000000000        0x0 c:/st/stm32cubeide_1.12.1/stm32cubeide/plugins/com.st.stm32cube.ide.mcu.externaltools.gnu-tools-for-stm32.10.3-2021.10.win32_1.0.200.202301161003/tools/bin/../lib/gcc/arm-none-eabi/10.3.1/../../../../arm-none-eabi/lib/thumb/v7e-m+fp/hard\libc_nano.a(lib_a-memset.o)
 .data          0x0000000000000000        0x0 c:/st/stm32cubeide_1.12.1/stm32cubeide/plugins/com.st.stm32cube.ide.mcu.externaltools.gnu-tools-for-stm32.10.3-2021.10.win32_1.0.200.202301161003/tools/bin/../lib/gcc/arm-none-eabi/10.3.1/../../../../arm-none-eabi/lib/thumb/v7e-m+fp/hard\libc_nano.a(lib_a-memset.o)
 .bss           0x0000000000000000        0x0 c:/st/stm32cubeide_1.12.1/stm32cubeide/plugins/com.st.stm32cube.ide.mcu.externaltools.gnu-tools-for-stm32.10.3-2021.10.win32_1.0.200.202301161003/tools/bin/../lib/gcc/arm-none-eabi/10.3.1/../../../../arm-none-eabi/lib/thumb/v7e-m+fp/hard\libc_nano.a(lib_a-memset.o)
 .text.memset   0x0000000000000000       0x10 c:/st/stm32cubeide_1.12.1/stm32cubeide/plugins/com.st.stm32cube.ide.mcu.externaltools.gnu-tools-for-stm32.10.3-2021.10.win32_1.0.200.202301161003/tools/bin/../lib/gcc/arm-none-eabi/10.3.1/../../../../arm-none-eabi/lib/thumb/v7e-m+fp/hard\libc_nano.a(lib_a-memset.o)
 .debug_frame   0x0000000000000000       0x20 c:/st/stm32cubeide_1.12.1/stm32cubeide/plugins/com.st.stm32cube.ide.mcu.externaltools.gnu-tools-for-stm32.10.3-2021.10.win32_1.0.200.202301161003/tools/bin/../lib/gcc/arm-none-eabi/10.3.1/../../../../arm-none-eabi/lib/thumb/v7e-m+fp/hard\libc_nano.a(lib_a-memset.o)
 .ARM.attributes
                0x0000000000000000       0x34 c:/st/stm32cubeide_1.12.1/stm32cubeide/plugins/com.st.stm32cube.ide.mcu.externaltools.gnu-tools-for-stm32.10.3-2021.10.win32_1.0.200.202301161003/tools/bin/../lib/gcc/arm-none-eabi/10.3.1/../../../../arm-none-eabi/lib/thumb/v7e-m+fp/hard\libc_nano.a(lib_a-memset.o)
 .text          0x0000000000000000        0x0 c:/st/stm32cubeide_1.12.1/stm32cubeide/plugins/com.st.stm32cube.ide.mcu.externaltools.gnu-tools-for-stm32.10.3-2021.10.win32_1.0.200.202301161003/tools/bin/../lib/gcc/arm-none-eabi/10.3.1/thumb/v7e-m+fp/hard/crtend.o
 .data          0x0000000000000000        0x0 c:/st/stm32cubeide_1.12.1/stm32cubeide/plugins/com.st.stm32cube.ide.mcu.externaltools.gnu-tools-for-stm32.10.3-2021.10.win32_1.0.200.202301161003/tools/bin/../lib/gcc/arm-none-eabi/10.3.1/thumb/v7e-m+fp/hard/crtend.o
 .bss           0x0000000000000000        0x0 c:/st/stm32cubeide_1.12.1/stm32cubeide/plugins/com.st.stm32cube.ide.mcu.externaltools.gnu-tools-for-stm32.10.3-2021.10.win32_1.0.200.202301161003/tools/bin/../lib/gcc/arm-none-eabi/10.3.1/thumb/v7e-m+fp/hard/crtend.o
 .rodata        0x0000000000000000       0x24 c:/st/stm32cubeide_1.12.1/stm32cubeide/plugins/com.st.stm32cube.ide.mcu.externaltools.gnu-tools-for-stm32.10.3-2021.10.win32_1.0.200.202301161003/tools/bin/../lib/gcc/arm-none-eabi/10.3.1/thumb/v7e-m+fp/hard/crtend.o
 .eh_frame      0x0000000000000000        0x4 c:/st/stm32cubeide_1.12.1/stm32cubeide/plugins/com.st.stm32cube.ide.mcu.externaltools.gnu-tools-for-stm32.10.3-2021.10.win32_1.0.200.202301161003/tools/bin/../lib/gcc/arm-none-eabi/10.3.1/thumb/v7e-m+fp/hard/crtend.o
 .ARM.attributes
                0x0000000000000000       0x34 c:/st/stm32cubeide_1.12.1/stm32cubeide/plugins/com.st.stm32cube.ide.mcu.externaltools.gnu-tools-for-stm32.10.3-2021.10.win32_1.0.200.202301161003/tools/bin/../lib/gcc/arm-none-eabi/10.3.1/thumb/v7e-m+fp/hard/crtend.o
 .text          0x0000000000000000        0x0 c:/st/stm32cubeide_1.12.1/stm32cubeide/plugins/com.st.stm32cube.ide.mcu.externaltools.gnu-tools-for-stm32.10.3-2021.10.win32_1.0.200.202301161003/tools/bin/../lib/gcc/arm-none-eabi/10.3.1/thumb/v7e-m+fp/hard/crtn.o
 .data          0x0000000000000000        0x0 c:/st/stm32cubeide_1.12.1/stm32cubeide/plugins/com.st.stm32cube.ide.mcu.externaltools.gnu-tools-for-stm32.10.3-2021.10.win32_1.0.200.202301161003/tools/bin/../lib/gcc/arm-none-eabi/10.3.1/thumb/v7e-m+fp/hard/crtn.o
 .bss           0x0000000000000000        0x0 c:/st/stm32cubeide_1.12.1/stm32cubeide/plugins/com.st.stm32cube.ide.mcu.externaltools.gnu-tools-for-stm32.10.3-2021.10.win32_1.0.200.202301161003/tools/bin/../lib/gcc/arm-none-eabi/10.3.1/thumb/v7e-m+fp/hard/crtn.o

Memory Configuration

Name             Origin             Length             Attributes
CCMRAM           0x0000000010000000 0x0000000000010000 xrw
RAM              0x0000000020000000 0x0000000000020000 xrw
FLASH            0x0000000008000000 0x0000000000100000 xr
*default*        0x0000000000000000 0xffffffffffffffff

Linker script and memory map

LOAD c:/st/stm32cubeide_1.12.1/stm32cubeide/plugins/com.st.stm32cube.ide.mcu.externaltools.gnu-tools-for-stm32.10.3-2021.10.win32_1.0.200.202301161003/tools/bin/../lib/gcc/arm-none-eabi/10.3.1/thumb/v7e-m+fp/hard/crti.o
LOAD c:/st/stm32cubeide_1.12.1/stm32cubeide/plugins/com.st.stm32cube.ide.mcu.externaltools.gnu-tools-for-stm32.10.3-2021.10.win32_1.0.200.202301161003/tools/bin/../lib/gcc/arm-none-eabi/10.3.1/thumb/v7e-m+fp/hard/crtbegin.o
LOAD c:/st/stm32cubeide_1.12.1/stm32cubeide/plugins/com.st.stm32cube.ide.mcu.externaltools.gnu-tools-for-stm32.10.3-2021.10.win32_1.0.200.202301161003/tools/bin/../lib/gcc/arm-none-eabi/10.3.1/../../../../arm-none-eabi/lib/thumb/v7e-m+fp/hard/crt0.o
LOAD ./Src/Encoder.o
LOAD ./Src/GPIO.o
LOAD ./Src/PWM.o
LOAD ./Src/adc.o
LOAD ./Src/i2c.o
LOAD ./Src/main.o
LOAD ./Src/syscalls.o
LOAD ./Src/sysmem.o
LOAD ./Src/systick.o
LOAD ./Src/tim2.o
LOAD ./Src/uart2.o
LOAD ./Startup/startup_stm32f407vgtx.o
START GROUP
LOAD c:/st/stm32cubeide_1.12.1/stm32cubeide/plugins/com.st.stm32cube.ide.mcu.externaltools.gnu-tools-for-stm32.10.3-2021.10.win32_1.0.200.202301161003/tools/bin/../lib/gcc/arm-none-eabi/10.3.1/../../../../arm-none-eabi/lib/thumb/v7e-m+fp/hard\libc_nano.a
LOAD c:/st/stm32cubeide_1.12.1/stm32cubeide/plugins/com.st.stm32cube.ide.mcu.externaltools.gnu-tools-for-stm32.10.3-2021.10.win32_1.0.200.202301161003/tools/bin/../lib/gcc/arm-none-eabi/10.3.1/../../../../arm-none-eabi/lib/thumb/v7e-m+fp/hard\libm.a
END GROUP
START GROUP
LOAD c:/st/stm32cubeide_1.12.1/stm32cubeide/plugins/com.st.stm32cube.ide.mcu.externaltools.gnu-tools-for-stm32.10.3-2021.10.win32_1.0.200.202301161003/tools/bin/../lib/gcc/arm-none-eabi/10.3.1/thumb/v7e-m+fp/hard\libgcc.a
LOAD c:/st/stm32cubeide_1.12.1/stm32cubeide/plugins/com.st.stm32cube.ide.mcu.externaltools.gnu-tools-for-stm32.10.3-2021.10.win32_1.0.200.202301161003/tools/bin/../lib/gcc/arm-none-eabi/10.3.1/../../../../arm-none-eabi/lib/thumb/v7e-m+fp/hard\libc_nano.a
END GROUP
START GROUP
LOAD c:/st/stm32cubeide_1.12.1/stm32cubeide/plugins/com.st.stm32cube.ide.mcu.externaltools.gnu-tools-for-stm32.10.3-2021.10.win32_1.0.200.202301161003/tools/bin/../lib/gcc/arm-none-eabi/10.3.1/thumb/v7e-m+fp/hard\libgcc.a
LOAD c:/st/stm32cubeide_1.12.1/stm32cubeide/plugins/com.st.stm32cube.ide.mcu.externaltools.gnu-tools-for-stm32.10.3-2021.10.win32_1.0.200.202301161003/tools/bin/../lib/gcc/arm-none-eabi/10.3.1/../../../../arm-none-eabi/lib/thumb/v7e-m+fp/hard\libc_nano.a
LOAD c:/st/stm32cubeide_1.12.1/stm32cubeide/plugins/com.st.stm32cube.ide.mcu.externaltools.gnu-tools-for-stm32.10.3-2021.10.win32_1.0.200.202301161003/tools/bin/../lib/gcc/arm-none-eabi/10.3.1/../../../../arm-none-eabi/lib/thumb/v7e-m+fp/hard\libnosys.a
END GROUP
START GROUP
LOAD c:/st/stm32cubeide_1.12.1/stm32cubeide/plugins/com.st.stm32cube.ide.mcu.externaltools.gnu-tools-for-stm32.10.3-2021.10.win32_1.0.200.202301161003/tools/bin/../lib/gcc/arm-none-eabi/10.3.1/thumb/v7e-m+fp/hard\libgcc.a
LOAD c:/st/stm32cubeide_1.12.1/stm32cubeide/plugins/com.st.stm32cube.ide.mcu.externaltools.gnu-tools-for-stm32.10.3-2021.10.win32_1.0.200.202301161003/tools/bin/../lib/gcc/arm-none-eabi/10.3.1/../../../../arm-none-eabi/lib/thumb/v7e-m+fp/hard\libc_nano.a
LOAD c:/st/stm32cubeide_1.12.1/stm32cubeide/plugins/com.st.stm32cube.ide.mcu.externaltools.gnu-tools-for-stm32.10.3-2021.10.win32_1.0.200.202301161003/tools/bin/../lib/gcc/arm-none-eabi/10.3.1/../../../../arm-none-eabi/lib/thumb/v7e-m+fp/hard\libnosys.a
END GROUP
LOAD c:/st/stm32cubeide_1.12.1/stm32cubeide/plugins/com.st.stm32cube.ide.mcu.externaltools.gnu-tools-for-stm32.10.3-2021.10.win32_1.0.200.202301161003/tools/bin/../lib/gcc/arm-none-eabi/10.3.1/thumb/v7e-m+fp/hard/crtend.o
LOAD c:/st/stm32cubeide_1.12.1/stm32cubeide/plugins/com.st.stm32cube.ide.mcu.externaltools.gnu-tools-for-stm32.10.3-2021.10.win32_1.0.200.202301161003/tools/bin/../lib/gcc/arm-none-eabi/10.3.1/thumb/v7e-m+fp/hard/crtn.o
                0x0000000020020000                _estack = (ORIGIN (RAM) + LENGTH (RAM))
                0x0000000000000200                _Min_Heap_Size = 0x200
                0x0000000000000400                _Min_Stack_Size = 0x400

.isr_vector     0x0000000008000000      0x1a8
                0x0000000008000000                . = ALIGN (0x4)
 *(.isr_vector)
 .isr_vector    0x0000000008000000      0x1a8 ./Startup/startup_stm32f407vgtx.o
                0x0000000008000000                g_pfnVectors
                0x00000000080001a8                . = ALIGN (0x4)

.text           0x00000000080001a8      0x3a8
                0x00000000080001a8                . = ALIGN (0x4)
 *(.text)
 .text          0x00000000080001a8       0x40 c:/st/stm32cubeide_1.12.1/stm32cubeide/plugins/com.st.stm32cube.ide.mcu.externaltools.gnu-tools-for-stm32.10.3-2021.10.win32_1.0.200.202301161003/tools/bin/../lib/gcc/arm-none-eabi/10.3.1/thumb/v7e-m+fp/hard/crtbegin.o
 *(.text*)
 .text.GPIO_Toggle_Init
                0x00000000080001e8       0x3c ./Src/GPIO.o
                0x00000000080001e8                GPIO_Toggle_Init
 .text.Toggle   0x0000000008000224       0x44 ./Src/GPIO.o
                0x0000000008000224                Toggle
 .text.I2C_Init
                0x0000000008000268       0xf8 ./Src/i2c.o
                0x0000000008000268                I2C_Init
 .text.I2C_Write_Memory
                0x0000000008000360       0xc0 ./Src/i2c.o
                0x0000000008000360                I2C_Write_Memory
 .text.main     0x0000000008000420       0x26 ./Src/main.o
                0x0000000008000420                main
 *fill*         0x0000000008000446        0x2 
 .text.SYS_TICK_Delay
                0x0000000008000448       0x54 ./Src/systick.o
                0x0000000008000448                SYS_TICK_Delay
 .text.Reset_Handler
                0x000000000800049c       0x50 ./Startup/startup_stm32f407vgtx.o
                0x000000000800049c                Reset_Handler
 .text.Default_Handler
                0x00000000080004ec        0x2 ./Startup/startup_stm32f407vgtx.o
                0x00000000080004ec                RTC_Alarm_IRQHandler
                0x00000000080004ec                HASH_RNG_IRQHandler
                0x00000000080004ec                EXTI2_IRQHandler
                0x00000000080004ec                TIM8_CC_IRQHandler
                0x00000000080004ec                DebugMon_Handler
                0x00000000080004ec                TIM1_CC_IRQHandler
                0x00000000080004ec                DMA2_Stream5_IRQHandler
                0x00000000080004ec                HardFault_Handler
                0x00000000080004ec                DMA1_Stream5_IRQHandler
                0x00000000080004ec                SysTick_Handler
                0x00000000080004ec                PVD_IRQHandler
                0x00000000080004ec                SDIO_IRQHandler
                0x00000000080004ec                TAMP_STAMP_IRQHandler
                0x00000000080004ec                PendSV_Handler
                0x00000000080004ec                NMI_Handler
                0x00000000080004ec                CAN2_RX1_IRQHandler
                0x00000000080004ec                EXTI3_IRQHandler
                0x00000000080004ec                TIM8_TRG_COM_TIM14_IRQHandler
                0x00000000080004ec                TIM1_UP_TIM10_IRQHandler
                0x00000000080004ec                TIM8_UP_TIM13_IRQHandler
                0x00000000080004ec                I2C3_ER_IRQHandler
                0x00000000080004ec                LCD_TFT_IRQHandler
                0x00000000080004ec                EXTI0_IRQHandler
                0x00000000080004ec                I2C2_EV_IRQHandler
                0x00000000080004ec                DMA1_Stream2_IRQHandler
                0x00000000080004ec                CAN1_RX0_IRQHandler
                0x00000000080004ec                FPU_IRQHandler
                0x00000000080004ec                OTG_HS_WKUP_IRQHandler
                0x00000000080004ec                UsageFault_Handler
                0x00000000080004ec                CAN2_SCE_IRQHandler
                0x00000000080004ec                DMA2_Stream2_IRQHandler
                0x00000000080004ec                SPI1_IRQHandler
                0x00000000080004ec                TIM6_DAC_IRQHandler
                0x00000000080004ec                TIM1_BRK_TIM9_IRQHandler
                0x00000000080004ec                DCMI_IRQHandler
                0x00000000080004ec                CAN2_RX0_IRQHandler
                0x00000000080004ec                DMA2_Stream3_IRQHandler
                0x00000000080004ec                USART6_IRQHandler
                0x00000000080004ec                USART3_IRQHandler
                0x00000000080004ec                CRYP_IRQHandler
                0x00000000080004ec                CAN1_RX1_IRQHandler
                0x00000000080004ec                UART5_IRQHandler
                0x00000000080004ec                DMA2_Stream0_IRQHandler
                0x00000000080004ec                TIM4_IRQHandler
                0x00000000080004ec                I2C1_EV_IRQHandler
                0x00000000080004ec                DMA1_Stream6_IRQHandler
                0x00000000080004ec                DMA1_Stream1_IRQHandler
                0x00000000080004ec                UART4_IRQHandler
                0x00000000080004ec                LCD_TFT_1_IRQHandler
                0x00000000080004ec                TIM3_IRQHandler
                0x00000000080004ec                RCC_IRQHandler
                0x00000000080004ec                TIM8_BRK_TIM12_IRQHandler
                0x00000000080004ec                Default_Handler
                0x00000000080004ec                EXTI15_10_IRQHandler
                0x00000000080004ec                ADC_IRQHandler
                0x00000000080004ec                DMA1_Stream7_IRQHandler
                0x00000000080004ec                TIM7_IRQHandler
                0x00000000080004ec                CAN2_TX_IRQHandler
                0x00000000080004ec                TIM5_IRQHandler
                0x00000000080004ec                DMA2_Stream7_IRQHandler
                0x00000000080004ec                I2C3_EV_IRQHandler
                0x00000000080004ec                EXTI9_5_IRQHandler
                0x00000000080004ec                RTC_WKUP_IRQHandler
                0x00000000080004ec                ETH_WKUP_IRQHandler
                0x00000000080004ec                SPI2_IRQHandler
                0x00000000080004ec                OTG_HS_EP1_IN_IRQHandler
                0x00000000080004ec                MemManage_Handler
                0x00000000080004ec                DMA1_Stream0_IRQHandler
                0x00000000080004ec                CAN1_TX_IRQHandler
                0x00000000080004ec                SVC_Handler
                0x00000000080004ec                EXTI4_IRQHandler
                0x00000000080004ec                FSMC_IRQHandler
                0x00000000080004ec                ETH_IRQHandler
                0x00000000080004ec                OTG_HS_EP1_OUT_IRQHandler
                0x00000000080004ec                WWDG_IRQHandler
                0x00000000080004ec                TIM2_IRQHandler
                0x00000000080004ec                OTG_FS_WKUP_IRQHandler
                0x00000000080004ec                TIM1_TRG_COM_TIM11_IRQHandler
                0x00000000080004ec                OTG_HS_IRQHandler
                0x00000000080004ec                EXTI1_IRQHandler
                0x00000000080004ec                USART2_IRQHandler
                0x00000000080004ec                I2C2_ER_IRQHandler
                0x00000000080004ec                DMA2_Stream1_IRQHandler
                0x00000000080004ec                CAN1_SCE_IRQHandler
                0x00000000080004ec                DMA2_Stream4_IRQHandler
                0x00000000080004ec                BusFault_Handler
                0x00000000080004ec                USART1_IRQHandler
                0x00000000080004ec                OTG_FS_IRQHandler
                0x00000000080004ec                SPI3_IRQHandler
                0x00000000080004ec                DMA1_Stream4_IRQHandler
                0x00000000080004ec                I2C1_ER_IRQHandler
                0x00000000080004ec                DMA2_Stream6_IRQHandler
                0x00000000080004ec                DMA1_Stream3_IRQHandler
 *fill*         0x00000000080004ee        0x2 
 .text.__libc_init_array
                0x00000000080004f0       0x48 c:/st/stm32cubeide_1.12.1/stm32cubeide/plugins/com.st.stm32cube.ide.mcu.externaltools.gnu-tools-for-stm32.10.3-2021.10.win32_1.0.200.202301161003/tools/bin/../lib/gcc/arm-none-eabi/10.3.1/../../../../arm-none-eabi/lib/thumb/v7e-m+fp/hard\libc_nano.a(lib_a-init.o)
                0x00000000080004f0                __libc_init_array
 *(.glue_7)
 .glue_7        0x0000000008000538        0x0 linker stubs
 *(.glue_7t)
 .glue_7t       0x0000000008000538        0x0 linker stubs
 *(.eh_frame)
 .eh_frame      0x0000000008000538        0x0 c:/st/stm32cubeide_1.12.1/stm32cubeide/plugins/com.st.stm32cube.ide.mcu.externaltools.gnu-tools-for-stm32.10.3-2021.10.win32_1.0.200.202301161003/tools/bin/../lib/gcc/arm-none-eabi/10.3.1/thumb/v7e-m+fp/hard/crtbegin.o
 *(.init)
 .init          0x0000000008000538        0x4 c:/st/stm32cubeide_1.12.1/stm32cubeide/plugins/com.st.stm32cube.ide.mcu.externaltools.gnu-tools-for-stm32.10.3-2021.10.win32_1.0.200.202301161003/tools/bin/../lib/gcc/arm-none-eabi/10.3.1/thumb/v7e-m+fp/hard/crti.o
                0x0000000008000538                _init
 .init          0x000000000800053c        0x8 c:/st/stm32cubeide_1.12.1/stm32cubeide/plugins/com.st.stm32cube.ide.mcu.externaltools.gnu-tools-for-stm32.10.3-2021.10.win32_1.0.200.202301161003/tools/bin/../lib/gcc/arm-none-eabi/10.3.1/thumb/v7e-m+fp/hard/crtn.o
 *(.fini)
 .fini          0x0000000008000544        0x4 c:/st/stm32cubeide_1.12.1/stm32cubeide/plugins/com.st.stm32cube.ide.mcu.externaltools.gnu-tools-for-stm32.10.3-2021.10.win32_1.0.200.202301161003/tools/bin/../lib/gcc/arm-none-eabi/10.3.1/thumb/v7e-m+fp/hard/crti.o
                0x0000000008000544                _fini
 .fini          0x0000000008000548        0x8 c:/st/stm32cubeide_1.12.1/stm32cubeide/plugins/com.st.stm32cube.ide.mcu.externaltools.gnu-tools-for-stm32.10.3-2021.10.win32_1.0.200.202301161003/tools/bin/../lib/gcc/arm-none-eabi/10.3.1/thumb/v7e-m+fp/hard/crtn.o
                0x0000000008000550                . = ALIGN (0x4)
                0x0000000008000550                _etext = .

.vfp11_veneer   0x0000000008000550        0x0
 .vfp11_veneer  0x0000000008000550        0x0 linker stubs

.v4_bx          0x0000000008000550        0x0
 .v4_bx         0x0000000008000550        0x0 linker stubs

.iplt           0x0000000008000550        0x0
 .iplt          0x0000000008000550        0x0 c:/st/stm32cubeide_1.12.1/stm32cubeide/plugins/com.st.stm32cube.ide.mcu.externaltools.gnu-tools-for-stm32.10.3-2021.10.win32_1.0.200.202301161003/tools/bin/../lib/gcc/arm-none-eabi/10.3.1/thumb/v7e-m+fp/hard/crtbegin.o

.rel.dyn        0x0000000008000550        0x0
 .rel.iplt      0x0000000008000550        0x0 c:/st/stm32cubeide_1.12.1/stm32cubeide/plugins/com.st.stm32cube.ide.mcu.externaltools.gnu-tools-for-stm32.10.3-2021.10.win32_1.0.200.202301161003/tools/bin/../lib/gcc/arm-none-eabi/10.3.1/thumb/v7e-m+fp/hard/crtbegin.o

.rodata         0x0000000008000550        0x0
                0x0000000008000550                . = ALIGN (0x4)
 *(.rodata)
 *(.rodata*)
                0x0000000008000550                . = ALIGN (0x4)

.ARM.extab      0x0000000008000550        0x0
                0x0000000008000550                . = ALIGN (0x4)
 *(.ARM.extab* .gnu.linkonce.armextab.*)
                0x0000000008000550                . = ALIGN (0x4)

.ARM            0x0000000008000550        0x0
                0x0000000008000550                . = ALIGN (0x4)
                0x0000000008000550                __exidx_start = .
 *(.ARM.exidx*)
                0x0000000008000550                __exidx_end = .
                0x0000000008000550                . = ALIGN (0x4)

.preinit_array  0x0000000008000550        0x0
                0x0000000008000550                . = ALIGN (0x4)
                0x0000000008000550                PROVIDE (__preinit_array_start = .)
 *(.preinit_array*)
                0x0000000008000550                PROVIDE (__preinit_array_end = .)
                0x0000000008000550                . = ALIGN (0x4)

.init_array     0x0000000008000550        0x4
                0x0000000008000550                . = ALIGN (0x4)
                0x0000000008000550                PROVIDE (__init_array_start = .)
 *(SORT_BY_NAME(.init_array.*))
 *(.init_array*)
 .init_array    0x0000000008000550        0x4 c:/st/stm32cubeide_1.12.1/stm32cubeide/plugins/com.st.stm32cube.ide.mcu.externaltools.gnu-tools-for-stm32.10.3-2021.10.win32_1.0.200.202301161003/tools/bin/../lib/gcc/arm-none-eabi/10.3.1/thumb/v7e-m+fp/hard/crtbegin.o
                0x0000000008000554                PROVIDE (__init_array_end = .)
                0x0000000008000554                . = ALIGN (0x4)

.fini_array     0x0000000008000554        0x4
                0x0000000008000554                . = ALIGN (0x4)
                [!provide]                        PROVIDE (__fini_array_start = .)
 *(SORT_BY_NAME(.fini_array.*))
 *(.fini_array*)
 .fini_array    0x0000000008000554        0x4 c:/st/stm32cubeide_1.12.1/stm32cubeide/plugins/com.st.stm32cube.ide.mcu.externaltools.gnu-tools-for-stm32.10.3-2021.10.win32_1.0.200.202301161003/tools/bin/../lib/gcc/arm-none-eabi/10.3.1/thumb/v7e-m+fp/hard/crtbegin.o
                [!provide]                        PROVIDE (__fini_array_end = .)
                0x0000000008000558                . = ALIGN (0x4)
                0x0000000008000558                _sidata = LOADADDR (.data)

.data           0x0000000020000000        0x0 load address 0x0000000008000558
                0x0000000020000000                . = ALIGN (0x4)
                0x0000000020000000                _sdata = .
 *(.data)
 *(.data*)
 *(.RamFunc)
 *(.RamFunc*)
                0x0000000020000000                . = ALIGN (0x4)
                0x0000000020000000                _edata = .
                0x0000000008000558                _siccmram = LOADADDR (.ccmram)

.igot.plt       0x0000000020000000        0x0 load address 0x0000000008000558
 .igot.plt      0x0000000020000000        0x0 c:/st/stm32cubeide_1.12.1/stm32cubeide/plugins/com.st.stm32cube.ide.mcu.externaltools.gnu-tools-for-stm32.10.3-2021.10.win32_1.0.200.202301161003/tools/bin/../lib/gcc/arm-none-eabi/10.3.1/thumb/v7e-m+fp/hard/crtbegin.o

.ccmram         0x0000000010000000        0x0 load address 0x0000000008000558
                0x0000000010000000                . = ALIGN (0x4)
                0x0000000010000000                _sccmram = .
 *(.ccmram)
 *(.ccmram*)
                0x0000000010000000                . = ALIGN (0x4)
                0x0000000010000000                _eccmram = .
                0x0000000010000000                . = ALIGN (0x4)

.bss            0x0000000020000000       0x1c
                0x0000000020000000                _sbss = .
                0x0000000020000000                __bss_start__ = _sbss
 *(.bss)
 .bss           0x0000000020000000       0x1c c:/st/stm32cubeide_1.12.1/stm32cubeide/plugins/com.st.stm32cube.ide.mcu.externaltools.gnu-tools-for-stm32.10.3-2021.10.win32_1.0.200.202301161003/tools/bin/../lib/gcc/arm-none-eabi/10.3.1/thumb/v7e-m+fp/hard/crtbegin.o
 *(.bss*)
 *(COMMON)
                0x000000002000001c                . = ALIGN (0x4)
                0x000000002000001c                _ebss = .
                0x000000002000001c                __bss_end__ = _ebss

._user_heap_stack
                0x000000002000001c      0x604
                0x0000000020000020                . = ALIGN (0x8)
 *fill*         0x000000002000001c        0x4 
                [!provide]                        PROVIDE (end = .)
                0x0000000020000020                PROVIDE (_end = .)
                0x0000000020000220                . = (. + _Min_Heap_Size)
 *fill*         0x0000000020000020      0x200 
                0x0000000020000620                . = (. + _Min_Stack_Size)
 *fill*         0x0000000020000220      0x400 
                0x0000000020000620                . = ALIGN (0x8)

/DISCARD/
 libc.a(*)
 libm.a(*)
 libgcc.a(*)

.ARM.attributes
                0x0000000000000000       0x30
 *(.ARM.attributes)
 .ARM.attributes
                0x0000000000000000       0x1e c:/st/stm32cubeide_1.12.1/stm32cubeide/plugins/com.st.stm32cube.ide.mcu.externaltools.gnu-tools-for-stm32.10.3-2021.10.win32_1.0.200.202301161003/tools/bin/../lib/gcc/arm-none-eabi/10.3.1/thumb/v7e-m+fp/hard/crti.o
 .ARM.attributes
                0x000000000000001e       0x34 c:/st/stm32cubeide_1.12.1/stm32cubeide/plugins/com.st.stm32cube.ide.mcu.externaltools.gnu-tools-for-stm32.10.3-2021.10.win32_1.0.200.202301161003/tools/bin/../lib/gcc/arm-none-eabi/10.3.1/thumb/v7e-m+fp/hard/crtbegin.o
 .ARM.attributes
                0x0000000000000052       0x34 ./Src/GPIO.o
 .ARM.attributes
                0x0000000000000086       0x34 ./Src/i2c.o
 .ARM.attributes
                0x00000000000000ba       0x34 ./Src/main.o
 .ARM.attributes
                0x00000000000000ee       0x34 ./Src/systick.o
 .ARM.attributes
                0x0000000000000122       0x21 ./Startup/startup_stm32f407vgtx.o
 .ARM.attributes
                0x0000000000000143       0x34 c:/st/stm32cubeide_1.12.1/stm32cubeide/plugins/com.st.stm32cube.ide.mcu.externaltools.gnu-tools-for-stm32.10.3-2021.10.win32_1.0.200.202301161003/tools/bin/../lib/gcc/arm-none-eabi/10.3.1/../../../../arm-none-eabi/lib/thumb/v7e-m+fp/hard\libc_nano.a(lib_a-init.o)
 .ARM.attributes
                0x0000000000000177       0x1e c:/st/stm32cubeide_1.12.1/stm32cubeide/plugins/com.st.stm32cube.ide.mcu.externaltools.gnu-tools-for-stm32.10.3-2021.10.win32_1.0.200.202301161003/tools/bin/../lib/gcc/arm-none-eabi/10.3.1/thumb/v7e-m+fp/hard/crtn.o
OUTPUT(14_I2C.elf elf32-littlearm)
LOAD linker stubs
LOAD c:/st/stm32cubeide_1.12.1/stm32cubeide/plugins/com.st.stm32cube.ide.mcu.externaltools.gnu-tools-for-stm32.10.3-2021.10.win32_1.0.200.202301161003/tools/bin/../lib/gcc/arm-none-eabi/10.3.1/../../../../arm-none-eabi/lib/thumb/v7e-m+fp/hard\libc.a
LOAD c:/st/stm32cubeide_1.12.1/stm32cubeide/plugins/com.st.stm32cube.ide.mcu.externaltools.gnu-tools-for-stm32.10.3-2021.10.win32_1.0.200.202301161003/tools/bin/../lib/gcc/arm-none-eabi/10.3.1/../../../../arm-none-eabi/lib/thumb/v7e-m+fp/hard\libm.a
LOAD c:/st/stm32cubeide_1.12.1/stm32cubeide/plugins/com.st.stm32cube.ide.mcu.externaltools.gnu-tools-for-stm32.10.3-2021.10.win32_1.0.200.202301161003/tools/bin/../lib/gcc/arm-none-eabi/10.3.1/thumb/v7e-m+fp/hard\libgcc.a

.debug_info     0x0000000000000000      0xb7f
 .debug_info    0x0000000000000000      0x327 ./Src/GPIO.o
 .debug_info    0x0000000000000327      0x5df ./Src/i2c.o
 .debug_info    0x0000000000000906      0x13d ./Src/main.o
 .debug_info    0x0000000000000a43      0x11a ./Src/systick.o
 .debug_info    0x0000000000000b5d       0x22 ./Startup/startup_stm32f407vgtx.o

.debug_abbrev   0x0000000000000000      0x3a9
 .debug_abbrev  0x0000000000000000       0xad ./Src/GPIO.o
 .debug_abbrev  0x00000000000000ad      0x14e ./Src/i2c.o
 .debug_abbrev  0x00000000000001fb       0xcd ./Src/main.o
 .debug_abbrev  0x00000000000002c8       0xcf ./Src/systick.o
 .debug_abbrev  0x0000000000000397       0x12 ./Startup/startup_stm32f407vgtx.o

.debug_aranges  0x0000000000000000       0xd0
 .debug_aranges
                0x0000000000000000       0x28 ./Src/GPIO.o
 .debug_aranges
                0x0000000000000028       0x40 ./Src/i2c.o
 .debug_aranges
                0x0000000000000068       0x20 ./Src/main.o
 .debug_aranges
                0x0000000000000088       0x20 ./Src/systick.o
 .debug_aranges
                0x00000000000000a8       0x28 ./Startup/startup_stm32f407vgtx.o

.debug_ranges   0x0000000000000000       0x88
 .debug_ranges  0x0000000000000000       0x18 ./Src/GPIO.o
 .debug_ranges  0x0000000000000018       0x30 ./Src/i2c.o
 .debug_ranges  0x0000000000000048       0x10 ./Src/main.o
 .debug_ranges  0x0000000000000058       0x10 ./Src/systick.o
 .debug_ranges  0x0000000000000068       0x20 ./Startup/startup_stm32f407vgtx.o

.debug_macro    0x0000000000000000     0x1225
 .debug_macro   0x0000000000000000       0xbf ./Src/GPIO.o
 .debug_macro   0x00000000000000bf       0xc8 ./Src/i2c.o
 .debug_macro   0x0000000000000187       0x64 ./Src/i2c.o
 .debug_macro   0x00000000000001eb      0x26c ./Src/main.o
 .debug_macro   0x0000000000000457       0x4c ./Src/main.o
 .debug_macro   0x00000000000004a3       0x1e ./Src/main.o
 .debug_macro   0x00000000000004c1       0x94 ./Src/main.o
 .debug_macro   0x0000000000000555       0x3c ./Src/main.o
 .debug_macro   0x0000000000000591       0x34 ./Src/main.o
 .debug_macro   0x00000000000005c5       0x16 ./Src/main.o
 .debug_macro   0x00000000000005db       0x57 ./Src/main.o
 .debug_macro   0x0000000000000632       0x97 ./Src/main.o
 .debug_macro   0x00000000000006c9      0x341 ./Src/main.o
 .debug_macro   0x0000000000000a0a       0xfd ./Src/main.o
 .debug_macro   0x0000000000000b07       0x10 ./Src/main.o
 .debug_macro   0x0000000000000b17       0x16 ./Src/main.o
 .debug_macro   0x0000000000000b2d       0x43 ./Src/main.o
 .debug_macro   0x0000000000000b70       0x34 ./Src/main.o
 .debug_macro   0x0000000000000ba4       0x10 ./Src/main.o
 .debug_macro   0x0000000000000bb4       0x58 ./Src/main.o
 .debug_macro   0x0000000000000c0c       0x71 ./Src/main.o
 .debug_macro   0x0000000000000c7d       0x1c ./Src/main.o
 .debug_macro   0x0000000000000c99      0x12a ./Src/main.o
 .debug_macro   0x0000000000000dc3       0x10 ./Src/main.o
 .debug_macro   0x0000000000000dd3       0x1c ./Src/main.o
 .debug_macro   0x0000000000000def       0x52 ./Src/main.o
 .debug_macro   0x0000000000000e41       0x22 ./Src/main.o
 .debug_macro   0x0000000000000e63       0x10 ./Src/main.o
 .debug_macro   0x0000000000000e73       0x52 ./Src/main.o
 .debug_macro   0x0000000000000ec5       0xd5 ./Src/main.o
 .debug_macro   0x0000000000000f9a       0x1c ./Src/main.o
 .debug_macro   0x0000000000000fb6       0x3d ./Src/main.o
 .debug_macro   0x0000000000000ff3       0x16 ./Src/main.o
 .debug_macro   0x0000000000001009      0x145 ./Src/main.o
 .debug_macro   0x000000000000114e       0xd7 ./Src/systick.o

.debug_line     0x0000000000000000     0x187a
 .debug_line    0x0000000000000000      0x465 ./Src/GPIO.o
 .debug_line    0x0000000000000465      0x85e ./Src/i2c.o
 .debug_line    0x0000000000000cc3      0x6a6 ./Src/main.o
 .debug_line    0x0000000000001369      0x48d ./Src/systick.o
 .debug_line    0x00000000000017f6       0x84 ./Startup/startup_stm32f407vgtx.o

.debug_str      0x0000000000000000    0x8bbe1
 .debug_str     0x0000000000000000    0x8786c ./Src/GPIO.o
                                      0x879da (size before relaxing)
 .debug_str     0x000000000008786c      0x1f7 ./Src/i2c.o
                                      0x87bc1 (size before relaxing)
 .debug_str     0x0000000000087a63     0x408f ./Src/main.o
                                      0x8bac4 (size before relaxing)
 .debug_str     0x000000000008baf2       0x87 ./Src/systick.o
                                      0x8791c (size before relaxing)
 .debug_str     0x000000000008bb79       0x68 ./Startup/startup_stm32f407vgtx.o

.comment        0x0000000000000000       0x50
 .comment       0x0000000000000000       0x50 ./Src/GPIO.o
                                         0x51 (size before relaxing)
 .comment       0x0000000000000050       0x51 ./Src/i2c.o
 .comment       0x0000000000000050       0x51 ./Src/main.o
 .comment       0x0000000000000050       0x51 ./Src/systick.o

.debug_frame    0x0000000000000000      0x1b0
 .debug_frame   0x0000000000000000       0x50 ./Src/GPIO.o
 .debug_frame   0x0000000000000050       0xd0 ./Src/i2c.o
 .debug_frame   0x0000000000000120       0x2c ./Src/main.o
 .debug_frame   0x000000000000014c       0x38 ./Src/systick.o
 .debug_frame   0x0000000000000184       0x2c c:/st/stm32cubeide_1.12.1/stm32cubeide/plugins/com.st.stm32cube.ide.mcu.externaltools.gnu-tools-for-stm32.10.3-2021.10.win32_1.0.200.202301161003/tools/bin/../lib/gcc/arm-none-eabi/10.3.1/../../../../arm-none-eabi/lib/thumb/v7e-m+fp/hard\libc_nano.a(lib_a-init.o)
